###############################################################################
#
# IAR ELF Linker V8.40.1.212/W32 for ARM                  02/Mar/2020  19:23:32
# Copyright 2007-2019 IAR Systems AB.
#
#    Output file  =
#        D:\POIP\Git_hub\Klass_ACP\Lab6(Ivariable)\Debug\Exe\0802.out
#    Map file     =
#        D:\POIP\Git_hub\Klass_ACP\Lab6(Ivariable)\Debug\List\0802.map
#    Command line =
#        -f C:\Users\User\AppData\Local\Temp\EWD215.tmp
#        ("D:\POIP\Git_hub\Klass_ACP\Lab6(Ivariable)\Debug\Obj\main.o"
#        --no_out_extension -o
#        "D:\POIP\Git_hub\Klass_ACP\Lab6(Ivariable)\Debug\Exe\0802.out" --map
#        "D:\POIP\Git_hub\Klass_ACP\Lab6(Ivariable)\Debug\List\0802.map"
#        --config D:\Kolody\iar\arm\config\linker\ST\stm32f411xE.icf
#        --semihosting --entry __iar_program_start --vfe --text_out locale)
#
###############################################################################

*******************************************************************************
*** RUNTIME MODEL ATTRIBUTES
***

CppFlavor                     = *
__CPP_Exceptions              = Disabled
__CPP_Language                = C++14
__Heap_Handler                = DLMalloc
__SystemLibrary               = DLib
__dlib_dynamic_initialization = normal
__dlib_version                = 6


*******************************************************************************
*** HEAP SELECTION
***

The advanced heap was selected because the application calls memory
allocation functions outside of system library functions, and there
are calls to deallocation functions in the application.


*******************************************************************************
*** PLACEMENT SUMMARY
***

"A0":  place at address 0x800'0000 { ro section .intvec };
"P1":  place in [from 0x800'0000 to 0x807'ffff] { ro };
define block CSTACK with size = 8K, alignment = 8 { };
define block HEAP with size = 8K, alignment = 8 { };
"P2":  place in [from 0x2000'0000 to 0x2001'ffff] {
          rw, block CSTACK, block HEAP };
initialize by copy { rw };

  Section                Kind         Address    Size  Object
  -------                ----         -------    ----  ------
"A0":                                            0x40
  .intvec                ro code   0x800'0000    0x40  vector_table_M.o [5]
                                 - 0x800'0040    0x40

"P1":                                          0x5508
  .text                  ro code   0x800'0040  0x149c  dlmalloc.o [2]
  .text                  ro code   0x800'14dc     0x6  abort.o [2]
  .text                  ro code   0x800'14e2    0x3a  zero_init3.o [5]
  .text                  ro code   0x800'151c    0x2c  xgetmemchunk.o [2]
  .text                  ro code   0x800'1548    0x14  exit.o [6]
  .text                  ro code   0x800'155c    0x7c  iarttio.o [6]
  .text                  ro code   0x800'15d8    0x3c  XShttio.o [2]
  .text                  ro code   0x800'1614   0xfaa  xprintffull_nomb.o [2]
  .text                  ro code   0x800'25be    0x2e  copy_init3.o [5]
  .text                  ro code   0x800'25ec    0x16  strchr.o [5]
  .text                  ro code   0x800'2602    0x1a  main.o [1]
  .text                  ro code   0x800'261c    0x40  xfail_s.o [2]
  .text                  ro code   0x800'265c    0x36  strlen.o [5]
  .text                  ro code   0x800'2692     0xa  xsprout.o [2]
  .text                  ro code   0x800'269c    0x58  memchr.o [5]
  .text                  ro code   0x800'26f4    0x76  ABImemcpy_unaligned.o [5]
  .text                  ro code   0x800'276a     0x6  iostream_cout.o [3]
  .text                  ro code   0x800'2770    0x70  frexp.o [4]
  .text                  ro code   0x800'27e0    0x2e  DblCmpLe.o [4]
  .rodata                const     0x800'280e     0x2  main.o [1]
  .text                  ro code   0x800'2810    0x2e  DblCmpGe.o [4]
  .text                  ro code   0x800'283e     0x2  iostream_cout.o [3]
  .text                  ro code   0x800'2840   0x13a  ldexp.o [4]
  .text                  ro code   0x800'297a     0x2  iostream_cout.o [3]
  .text                  ro code   0x800'297c    0x3a  DblToS32.o [4]
  .text                  ro code   0x800'29b6     0x2  vector_table_M.o [5]
  .text                  ro code   0x800'29b8    0x22  S32ToDbl.o [4]
  .rodata                const     0x800'29da     0x1  main.o [1]
  .rodata                const     0x800'29db     0x1  main.o [1]
  .text                  ro code   0x800'29dc    0xe2  DblSub.o [4]
  .rodata                const     0x800'2abe     0x1  unwind_debug.o [6]
  .text                  ro code   0x800'2ac0   0x246  DblDiv.o [4]
  .text                  ro code   0x800'2d08    0x28  DblToU32.o [4]
  .text                  ro code   0x800'2d30    0x1a  U32ToDbl.o [4]
  .text                  ro code   0x800'2d4c   0x1a2  DblMul.o [4]
  .text                  ro code   0x800'2ef0   0x230  I64DivMod.o [5]
  .text                  ro code   0x800'3120   0x16a  DblAdd.o [4]
  .text                  ro code   0x800'328c     0x2  I64DivZer.o [5]
  .text                  ro code   0x800'3290   0x2c0  main.o [1]
  .text                  ro code   0x800'3550     0x4  main.o [1]
  .text                  ro code   0x800'3554     0x6  main.o [1]
  .text                  ro code   0x800'355a    0x22  strcspn.o [2]
  .text                  ro code   0x800'357c    0x20  main.o [1]
  .text                  ro code   0x800'359c     0x6  main.o [1]
  .text                  ro code   0x800'35a2    0x2a  main.o [1]
  .text                  ro code   0x800'35cc     0xc  main.o [1]
  .text                  ro code   0x800'35d8    0x12  main.o [1]
  .text                  ro code   0x800'35ec    0x30  main.o [1]
  .text                  ro code   0x800'361c     0xa  main.o [1]
  .text                  ro code   0x800'3626     0xa  main.o [1]
  .text                  ro code   0x800'3630    0x96  main.o [1]
  .text                  ro code   0x800'36c6     0xa  main.o [1]
  .text                  ro code   0x800'36d0     0xc  main.o [1]
  .text                  ro code   0x800'36dc     0xa  main.o [1]
  .text                  ro code   0x800'36e6     0x4  main.o [1]
  .text                  ro code   0x800'36ea    0x2e  main.o [1]
  .text                  ro code   0x800'3718    0x2e  main.o [1]
  .text                  ro code   0x800'3746     0x8  main.o [1]
  .text                  ro code   0x800'374e    0x12  main.o [1]
  .text                  ro code   0x800'3760    0x18  main.o [1]
  .text                  ro code   0x800'3778     0x8  main.o [1]
  .text                  ro code   0x800'3780    0x7a  main.o [1]
  .text                  ro code   0x800'37fa    0x3a  main.o [1]
  .text                  ro code   0x800'3834     0xc  main.o [1]
  .text                  ro code   0x800'3840    0x18  main.o [1]
  .text                  ro code   0x800'3858     0xa  cxxabi.o [3]
  .text                  ro code   0x800'3862     0xa  main.o [1]
  .text                  ro code   0x800'386c    0x7a  main.o [1]
  .text                  ro code   0x800'38e6    0x12  main.o [1]
  .text                  ro code   0x800'38f8    0x2a  main.o [1]
  .text                  ro code   0x800'3922    0x28  main.o [1]
  .text                  ro code   0x800'394a     0xc  main.o [1]
  .text                  ro code   0x800'3956     0xa  main.o [1]
  .text                  ro code   0x800'3960     0x2  main.o [1]
  .text                  ro code   0x800'3962    0x2e  main.o [1]
  .text                  ro code   0x800'3990     0x2  main.o [1]
  .text                  ro code   0x800'3992     0x8  main.o [1]
  .text                  ro code   0x800'399c    0x18  main.o [1]
  .text                  ro code   0x800'39b4     0xa  main.o [1]
  .text                  ro code   0x800'39be     0x8  main.o [1]
  .text                  ro code   0x800'39c6     0x8  main.o [1]
  .text                  ro code   0x800'39ce     0x8  main.o [1]
  .text                  ro code   0x800'39d6     0x8  main.o [1]
  .text                  ro code   0x800'39de    0x12  main.o [1]
  .text                  ro code   0x800'39f0     0x8  main.o [1]
  .text                  ro code   0x800'39f8     0x8  main.o [1]
  .text                  ro code   0x800'3a00    0x12  main.o [1]
  .text                  ro code   0x800'3a12     0x8  main.o [1]
  .text                  ro code   0x800'3a1c    0xa0  cppinit.o [2]
  .text                  ro code   0x800'3abc    0x18  main.o [1]
  .text                  ro code   0x800'3ad4    0xd6  main.o [1]
  .text                  ro code   0x800'3bac    0x78  ABImemmove_unaligned.o [5]
  .text                  ro code   0x800'3c24     0x6  main.o [1]
  .text                  ro code   0x800'3c2a    0x10  main.o [1]
  .text                  ro code   0x800'3c3a     0x8  main.o [1]
  .text                  ro code   0x800'3c42    0x12  main.o [1]
  .text                  ro code   0x800'3c54    0x32  main.o [1]
  .text                  ro code   0x800'3c86    0x12  main.o [1]
  .text                  ro code   0x800'3c98     0xc  main.o [1]
  .text                  ro code   0x800'3ca4    0x1c  main.o [1]
  .text                  ro code   0x800'3cc0     0x2  main.o [1]
  .text                  ro code   0x800'3cc2     0x8  main.o [1]
  .text                  ro code   0x800'3cca     0x2  main.o [1]
  .text                  ro code   0x800'3ccc     0xc  main.o [1]
  .text                  ro code   0x800'3cd8     0x2  main.o [1]
  .text                  ro code   0x800'3cdc    0x28  main.o [1]
  .text                  ro code   0x800'3d04     0x8  main.o [1]
  .text                  ro code   0x800'3d0c     0x8  main.o [1]
  .text                  ro code   0x800'3d14     0x8  main.o [1]
  .text                  ro code   0x800'3d1c     0x2  main.o [1]
  .text                  ro code   0x800'3d1e    0x18  main.o [1]
  .text                  ro code   0x800'3d38    0x66  ABImemset.o [5]
  .text                  ro code   0x800'3d9e     0x2  main.o [1]
  .text                  ro code   0x800'3da0    0x18  main.o [1]
  .text                  ro code   0x800'3db8     0xe  main.o [1]
  .text                  ro code   0x800'3dc6     0x4  main.o [1]
  .text                  ro code   0x800'3dca     0x2  main.o [1]
  .text                  ro code   0x800'3dcc     0x8  main.o [1]
  .text                  ro code   0x800'3dd4     0xa  main.o [1]
  .text                  ro code   0x800'3dde     0x2  main.o [1]
  .text                  ro code   0x800'3de0     0x8  main.o [1]
  .text                  ro code   0x800'3de8    0x70  main.o [1]
  .text                  ro code   0x800'3e58     0x4  main.o [1]
  .text                  ro code   0x800'3e5c     0x2  main.o [1]
  .text                  ro code   0x800'3e5e     0x8  main.o [1]
  .text                  ro code   0x800'3e66     0xe  main.o [1]
  .text                  ro code   0x800'3e74     0x2  main.o [1]
  .text                  ro code   0x800'3e76    0x18  main.o [1]
  .text                  ro code   0x800'3e8e     0x2  main.o [1]
  .text                  ro code   0x800'3e90     0xa  delop_0.o [3]
  .text                  ro code   0x800'3e9a    0x34  main.o [1]
  .text                  ro code   0x800'3ece    0x1a  main.o [1]
  .text                  ro code   0x800'3ee8     0x6  main.o [1]
  .text                  ro code   0x800'3eee    0x12  main.o [1]
  .text                  ro code   0x800'3f00    0x20  main.o [1]
  .text                  ro code   0x800'3f20     0x4  heaptramp0.o [2]
  .text                  ro code   0x800'3f24    0x24  newop_0.o [3]
  .text                  ro code   0x800'3f48     0x4  main.o [1]
  .text                  ro code   0x800'3f4c     0x4  nomemory.o [3]
  .text                  ro code   0x800'3f50   0x1b2  main.o [1]
  .text                  ro code   0x800'4102    0x12  main.o [1]
  .text                  ro code   0x800'4114    0x72  main.o [1]
  .text                  ro code   0x800'4186     0x4  main.o [1]
  .text                  ro code   0x800'418a     0x8  main.o [1]
  .text                  ro code   0x800'4192     0x6  main.o [1]
  .text                  ro code   0x800'4198     0x4  main.o [1]
  .text                  ro code   0x800'419c     0xa  main.o [1]
  .text                  ro code   0x800'41a6    0x28  main.o [1]
  .text                  ro code   0x800'41ce     0xe  main.o [1]
  .text                  ro code   0x800'41dc     0x8  main.o [1]
  .text                  ro code   0x800'41e4    0x14  main.o [1]
  .text                  ro code   0x800'41f8     0x4  main.o [1]
  .text                  ro code   0x800'41fc    0x54  main.o [1]
  .text                  ro code   0x800'4250     0x4  main.o [1]
  .text                  ro code   0x800'4254    0x18  main.o [1]
  .text                  ro code   0x800'426c     0x8  main.o [1]
  .text                  ro code   0x800'4274    0x28  main.o [1]
  .text                  ro code   0x800'429c     0xa  main.o [1]
  .text                  ro code   0x800'42a6    0x14  main.o [1]
  .text                  ro code   0x800'42bc   0x104  ios.o [3]
  .text                  ro code   0x800'43c0     0x8  main.o [1]
  .text                  ro code   0x800'43c8    0x54  main.o [1]
  .text                  ro code   0x800'441c     0x8  main.o [1]
  .text                  ro code   0x800'4424     0x4  delop4_0.o [3]
  .text                  ro code   0x800'4428    0x48  main.o [1]
  .text                  ro code   0x800'4470    0x46  main.o [1]
  .text                  ro code   0x800'44b8   0x190  main.o [1]
  .text                  ro code   0x800'4648     0x4  main.o [1]
  .text                  ro code   0x800'464c    0x20  DblCmpEq.o [4]
  .text                  ro code   0x800'466c    0xd2  main.o [1]
  .text                  ro code   0x800'4740    0x40  sprintf.o [2]
  .text                  ro code   0x800'4780   0x13c  main.o [1]
  .text                  ro code   0x800'48bc    0x14  main.o [1]
  .text                  ro code   0x800'48d0    0x5c  main.o [1]
  .text                  ro code   0x800'492c    0xa0  main.o [1]
  .text                  ro code   0x800'49cc    0x1c  main.o [1]
  .text                  ro code   0x800'49e8    0x1c  main.o [1]
  .text                  ro code   0x800'4a04    0x14  main.o [1]
  .text                  ro code   0x800'4a18    0x14  main.o [1]
  .text                  ro code   0x800'4a2c     0xc  main.o [1]
  .text                  ro code   0x800'4a38     0x6  main.o [1]
  .text                  ro code   0x800'4a3e     0x4  main.o [1]
  .text                  ro code   0x800'4a42    0xb0  main.o [1]
  .text                  ro code   0x800'4af2     0x6  main.o [1]
  .text                  ro code   0x800'4af8    0x30  main.o [1]
  .text                  ro code   0x800'4b28    0x24  ABIassert.o [6]
  .text                  ro code   0x800'4b4c     0x8  main.o [1]
  .text                  ro code   0x800'4b54    0x20  main.o [1]
  .text                  ro code   0x800'4b74     0x8  main.o [1]
  .text                  ro code   0x800'4b7c    0x48  FltToDbl.o [4]
  .text                  ro code   0x800'4bc4    0x18  main.o [1]
  .text                  ro code   0x800'4bdc     0x4  main.o [1]
  .text                  ro code   0x800'4be0    0x18  main.o [1]
  .text                  ro code   0x800'4bf8    0x18  main.o [1]
  .text                  ro code   0x800'4c10     0x8  main.o [1]
  .text                  ro code   0x800'4c18     0xc  main.o [1]
  .text                  ro code   0x800'4c24    0x90  iostream_cout.o [3]
  .text                  ro code   0x800'4cb4    0x5c  iostream_cout.o [3]
  .text                  ro code   0x800'4d10    0x7c  main.o [1]
  .text                  ro code   0x800'4d8c    0x22  main.o [1]
  .text                  ro code   0x800'4dae    0x6c  main.o [1]
  .text                  ro code   0x800'4e1a    0x76  main.o [1]
  .text                  ro code   0x800'4e90    0x60  iostream_cout.o [3]
  .rodata                const     0x800'4ef0    0x58  main.o [1]
  .rodata                const     0x800'4f48    0x58  main.o [1]
  .text                  ro code   0x800'4fa0    0x52  main.o [1]
  .text                  ro code   0x800'4ff2    0x32  main.o [1]
  .rodata                const     0x800'5024    0x44  iostream_cout.o [3]
  .rodata                const     0x800'5068    0x44  iostream_cout.o [3]
  .text                  ro code   0x800'50ac    0x38  iostream_cout.o [3]
  .text                  ro code   0x800'50e4    0x20  putchar.o [2]
  .text                  ro code   0x800'5104    0x10  write.o [6]
  .text                  ro code   0x800'5114    0x1e  dwrite.o [6]
  .text                  ro code   0x800'5132    0x20  iarwstd.o [6]
  .text                  ro code   0x800'5152    0x22  iarwrite.o [6]
  .rodata                const     0x800'5174    0x34  main.o [1]
  .rodata                const     0x800'51a8    0x30  main.o [1]
  .rodata                const     0x800'51d8    0x30  main.o [1]
  .text                  ro code   0x800'5208    0x2e  main.o [1]
  .text                  ro code   0x800'5236    0x12  main.o [1]
  .rodata                const     0x800'5248    0x28  iostream_cout.o [3]
  .text                  ro code   0x800'5270    0x28  data_init.o [5]
  .rodata                const     0x800'5298    0x24  main.o [1]
  .rodata                const     0x800'52bc    0x24  main.o [1]
  .text                  ro code   0x800'52e0    0x24  main.o [1]
  .text                  ro code   0x800'5304    0x18  main.o [1]
  .text                  ro code   0x800'531c    0x22  fpinit_M.o [4]
  .iar.init_table        const     0x800'5340    0x28  - Linker created -
  .text                  ro code   0x800'5368    0x20  cmain_call_ctors.o [5]
  .text                  ro code   0x800'5388    0x1e  cmain.o [5]
  .text                  ro code   0x800'53a6     0x4  exit.o [2]
  .text                  ro code   0x800'53ac     0xe  cexit.o [5]
  .rodata                const     0x800'53bc    0x18  main.o [1]
  .rodata                const     0x800'53d4    0x18  main.o [1]
  .text                  ro code   0x800'53ec    0x18  main.o [1]
  .text                  ro code   0x800'5404    0x18  main.o [1]
  .text                  ro code   0x800'541c     0x4  delaop_0.o [3]
  .rodata                const     0x800'5420    0x14  main.o [1]
  .text                  ro code   0x800'5434    0x14  iostream_cout.o [3]
  .rodata                const     0x800'5448    0x10  main.o [1]
  .rodata                const     0x800'5458    0x10  main.o [1]
  .rodata                const     0x800'5468    0x10  main.o [1]
  .rodata                const     0x800'5478    0x10  ios.o [3]
  .rodata                const     0x800'5488    0x10  iostream_cout.o [3]
  .text                  ro code   0x800'5498     0xe  main.o [1]
  .text                  ro code   0x800'54a6     0x8  main.o [1]
  .text                  ro code   0x800'54ae     0xe  iostream_cout.o [3]
  .rodata                const     0x800'54bc     0xc  main.o [1]
  .rodata                const     0x800'54c8     0xc  main.o [1]
  .rodata                const     0x800'54d4     0xc  main.o [1]
  .rodata                const     0x800'54e0     0xc  main.o [1]
  .text                  ro code   0x800'54ec     0xc  cstartup_M.o [5]
  .text                  ro code   0x800'54f8     0xa  main.o [1]
  .rodata                const     0x800'5504     0x8  main.o [1]
  .rodata                const     0x800'550c     0x8  main.o [1]
  .rodata                const     0x800'5514     0x8  main.o [1]
  .rodata                const     0x800'551c     0x8  xprintffull_nomb.o [2]
  SHT$$PREINIT_ARRAY               0x800'5524     0x4  <Block>
    .preinit_array       const     0x800'5524     0x4  iostream_cout.o [3]
  SHT$$INIT_ARRAY                  0x800'5528     0x4  <Block>
    .init_array          const     0x800'5528     0x4  ios.o [3]
  __iar_tls$$INIT_ARRAY            0x800'552c     0x0  <Block>
  Initializer bytes      const     0x800'552c     0x8  <for P2-1>
  .rodata                const     0x800'5534     0x4  main.o [1]
  .rodata                const     0x800'5538     0x4  main.o [1]
  .text                  ro code   0x800'553c     0x4  main.o [1]
  .text                  ro code   0x800'5540     0x4  main.o [1]
  .text                  ro code   0x800'5544     0x4  iostream_cout.o [3]
  .text                  ro code   0x800'5548     0x0  cstart_call_dtors.o [5]
  .rodata                const     0x800'5548     0x0  zero_init3.o [5]
  .rodata                const     0x800'5548     0x0  copy_init3.o [5]
                                 - 0x800'5548  0x5508

"P2", part 1 of 3:                                0x8
  P2-1                            0x2000'0000     0x8  <Init block>
    .data                inited   0x2000'0000     0x8  XShttio.o [2]
                                - 0x2000'0008     0x8

"P2", part 2 of 3:                              0x2d8
  .bss                   zero     0x2000'0008   0x1d8  dlmalloc.o [2]
  .bss                   zero     0x2000'01e0    0x70  iostream_cout.o [3]
  .bss                   zero     0x2000'0250    0x34  ios.o [3]
  .bss                   zero     0x2000'0284    0x18  dlmalloc.o [2]
  .bss                   zero     0x2000'029c    0x14  main.o [1]
  .bss                   zero     0x2000'02b0    0x10  ios.o [3]
  .bss                   zero     0x2000'02c0     0x4  main.o [1]
  .bss                   zero     0x2000'02c4     0x4  main.o [1]
  .bss                   zero     0x2000'02c8     0x4  cppinit.o [2]
  .bss                   zero     0x2000'02cc     0x4  cppinit.o [2]
  .bss                   zero     0x2000'02d0     0x4  new.o [3]
  .bss                   zero     0x2000'02d4     0x4  xgetmemchunk.o [2]
  .bss                   zero     0x2000'02d8     0x4  xfail_s.o [2]
  .bss                   zero     0x2000'02dc     0x1  main.o [1]
  .bss                   zero     0x2000'02dd     0x1  main.o [1]
  .bss                   zero     0x2000'02de     0x1  main.o [1]
  .bss                   zero     0x2000'02df     0x1  XShttio.o [2]
                                - 0x2000'02e0   0x2d8

"P2", part 3 of 3:                             0x41a8
  .iar.dynexit                    0x2000'02e0   0x1a4  <Block>
    .iar.dynexit         uninit   0x2000'02e0     0xc  cppinit.o [2]
    .iar.dynexit         uninit   0x2000'02ec   0x198  <Block tail>
  CSTACK                          0x2000'0488  0x2000  <Block>
    CSTACK               uninit   0x2000'0488  0x2000  <Block tail>
  HEAP                            0x2000'2488  0x2000  <Block>
    HEAP                 uninit   0x2000'2488  0x2000  <Block tail>
                                - 0x2000'4488  0x41a8

Unused ranges:

         From           To      Size
         ----           --      ----
   0x800'5548   0x807'ffff  0x7'aab8
  0x2000'4488  0x2001'ffff  0x1'bb78


*******************************************************************************
*** INIT TABLE
***

          Address      Size
          -------      ----
Zero (__iar_zero_init3)
    1 destination range, total size 0x2d8:
          0x2000'0008  0x2d8

Copy (__iar_copy_init3)
    1 source range, total size 0x8:
           0x800'552c    0x8
    1 destination range, total size 0x8:
          0x2000'0000    0x8

Extra (__iar_cstart_call_ctors)



*******************************************************************************
*** MODULE SUMMARY
***

    Module                  ro code  ro data  rw data
    ------                  -------  -------  -------
command line/config:
    -------------------------------------------------
    Total:

D:\POIP\Git_hub\Klass_ACP\Lab6(Ivariable)\Debug\Obj: [1]
    main.o                    6'336      596       31
    -------------------------------------------------
    Total:                    6'336      596       31

dl7M_tln.a: [2]
    XShttio.o                    60        8        9
    abort.o                       6
    cppinit.o                   160                20
    dlmalloc.o                5'276               496
    exit.o                        4
    heaptramp0.o                  4
    putchar.o                    32
    sprintf.o                    64
    strcspn.o                    34
    xfail_s.o                    64                 4
    xgetmemchunk.o               44                 4
    xprintffull_nomb.o        4'010        8
    xsprout.o                    10
    -------------------------------------------------
    Total:                    9'768       16      533

dlpp7M_tl_nc.a: [3]
    cxxabi.o                     10
    delaop_0.o                    4
    delop4_0.o                    4
    delop_0.o                    10
    ios.o                       260       20       68
    iostream_cout.o             436      196      112
    new.o                                           4
    newop_0.o                    36
    nomemory.o                    4
    -------------------------------------------------
    Total:                      764      216      184

m7M_tls.a: [4]
    DblAdd.o                    362
    DblCmpEq.o                   32
    DblCmpGe.o                   46
    DblCmpLe.o                   46
    DblDiv.o                    582
    DblMul.o                    418
    DblSub.o                    226
    DblToS32.o                   58
    DblToU32.o                   40
    FltToDbl.o                   72
    S32ToDbl.o                   34
    U32ToDbl.o                   26
    fpinit_M.o                   34
    frexp.o                     112
    ldexp.o                     314
    -------------------------------------------------
    Total:                    2'402

rt7M_tl.a: [5]
    ABImemcpy_unaligned.o       118
    ABImemmove_unaligned.o      120
    ABImemset.o                 102
    I64DivMod.o                 560
    I64DivZer.o                   2
    cexit.o                      14
    cmain.o                      30
    cmain_call_ctors.o           32
    copy_init3.o                 46
    cstart_call_dtors.o
    cstartup_M.o                 12
    data_init.o                  40
    memchr.o                     88
    strchr.o                     22
    strlen.o                     54
    vector_table_M.o             66
    zero_init3.o                 58
    -------------------------------------------------
    Total:                    1'364

shb_l.a: [6]
    ABIassert.o                  36
    dwrite.o                     30
    exit.o                       20
    iarttio.o                   124
    iarwrite.o                   34
    iarwstd.o                    32
    unwind_debug.o                         1
    write.o                      16
    -------------------------------------------------
    Total:                      292        1

    Gaps                         31        6
    Linker created                        40   16'792
-----------------------------------------------------
    Grand Total:             20'957      875   17'540


*******************************************************************************
*** ENTRY LIST
***

Entry                       Address   Size  Type      Object
-----                       -------   ----  ----      ------
.iar.dynexit$$Base      0x2000'02e0          --   Gb  - Linker created -
.iar.dynexit$$Limit     0x2000'0484          --   Gb  - Linker created -
.iar.init_table$$Base    0x800'5340          --   Gb  - Linker created -
.iar.init_table$$Limit   0x800'5368          --   Gb  - Linker created -
?main                    0x800'5389         Code  Gb  cmain.o [5]
ADC<ADC1>::Config(Resolution)
                         0x800'48d1   0x5c  Code  Gb  main.o [1]
ADC<ADC1>::ConfigChannel(unsigned int, unsigned int)
                         0x800'492d   0xa0  Code  Gb  main.o [1]
ADC<ADC1>::ConfigChannel(unsigned int, unsigned int)::string
                         0x800'5458   0x10  Data  Gb  main.o [1]
ADC<ADC1>::ConfigChannel(unsigned int, unsigned int)::string (instance 2)
                         0x800'5174   0x34  Data  Gb  main.o [1]
ADC<ADC1>::ConfigChannel(unsigned int, unsigned int)::string (instance 3)
                         0x800'5420   0x14  Data  Gb  main.o [1]
ADC<ADC1>::Get()         0x800'4a2d    0xc  Code  Gb  main.o [1]
ADC<ADC1>::IsReady()     0x800'4a19   0x14  Code  Gb  main.o [1]
ADC<ADC1>::On()          0x800'48bd   0x14  Code  Gb  main.o [1]
ADC<ADC1>::ScanConfig()
                         0x800'4af9   0x30  Code  Gb  main.o [1]
ADC<ADC1>::Start()       0x800'4a05   0x14  Code  Gb  main.o [1]
CSTACK$$Base            0x2000'0488          --   Gb  - Linker created -
CSTACK$$Limit           0x2000'2488          --   Gb  - Linker created -
DtorRecArray            0x2000'02e0    0xc  Data  Lc  cppinit.o [2]
HEAP$$Base              0x2000'2488          --   Gb  - Linker created -
HEAP$$Limit             0x2000'4488          --   Gb  - Linker created -
IVariable::Calculate(unsigned int)
                         0x800'2603   0x1a  Code  Gb  main.o [1]
IVariable::GetName()     0x800'4a3f    0x4  Code  Gb  main.o [1]
IVariable::GetValue()    0x800'4a39    0x6  Code  Gb  main.o [1]
IVariable::IVariable(float, float, char const *)
                         0x800'4be1   0x18  Code  Gb  main.o [1]
IVariable::IVariable(float, float, char const *) [subobject]
                         0x800'4b4d    0x8  Code  Gb  main.o [1]
Initialization guard variable for std::ctype<char> const & std::use_facet<std::ctype<char>>()::_MyFacet
                        0x2000'02dd    0x1  Data  Gb  main.o [1]
Initialization guard variable for std::num_put<char, std::ostreambuf_iterator<char, std::char_traits<char>>> const & std::use_facet<std::num_put<char, std::ostreambuf_iterator<char, std::char_traits<char>>>>()::_MyFacet
                        0x2000'02dc    0x1  Data  Gb  main.o [1]
Initialization guard variable for std::numpunct<char> const & std::use_facet<std::numpunct<char>>()::_MyFacet
                        0x2000'02de    0x1  Data  Gb  main.o [1]
Region$$Table$$Base      0x800'5340          --   Gb  - Linker created -
Region$$Table$$Limit     0x800'5368          --   Gb  - Linker created -
SHT$$INIT_ARRAY$$Base    0x800'5528          --   Gb  - Linker created -
SHT$$INIT_ARRAY$$Limit   0x800'552c          --   Gb  - Linker created -
SHT$$PREINIT_ARRAY$$Base
                         0x800'5524          --   Gb  - Linker created -
SHT$$PREINIT_ARRAY$$Limit
                         0x800'5528          --   Gb  - Linker created -
Temperature::Temperature(float, float)
                         0x800'49cd   0x1c  Code  Gb  main.o [1]
Temperature::Temperature(float, float)::string
                         0x800'54d4    0xc  Data  Gb  main.o [1]
Virtual function table for IVariable
                         0x800'54bc    0xc  Data  Gb  main.o [1]
Virtual function table for Temperature
                         0x800'54c8    0xc  Data  Gb  main.o [1]
Virtual function table for Voltage
                         0x800'54e0    0xc  Data  Gb  main.o [1]
Virtual function table for std::_Wrap_facet<std::ctype<char>>
                         0x800'5468   0x10  Data  Gb  main.o [1]
Virtual function table for std::_Wrap_facet<std::num_put<char, std::ostreambuf_iterator<char, std::char_traits<char>>>>
                         0x800'51d8   0x30  Data  Gb  main.o [1]
Virtual function table for std::_Wrap_facet<std::numpunct<char>>
                         0x800'52bc   0x24  Data  Gb  main.o [1]
Virtual function table for std::__nobasic_filebuf<char, std::char_traits<char>>
                         0x800'5068   0x44  Data  Gb  iostream_cout.o [3]
Virtual function table for std::ctype<char>
                         0x800'5448   0x10  Data  Gb  main.o [1]
Virtual function table for std::ios
                         0x800'5488   0x10  Data  Gb  iostream_cout.o [3]
Virtual function table for std::ios_base
                         0x800'5478   0x10  Data  Gb  ios.o [3]
Virtual function table for std::num_put<char, std::ostreambuf_iterator<char, std::char_traits<char>>>
                         0x800'51a8   0x30  Data  Gb  main.o [1]
Virtual function table for std::numpunct<char>
                         0x800'5298   0x24  Data  Gb  main.o [1]
Virtual function table for std::ostream
                         0x800'5248   0x28  Data  Gb  iostream_cout.o [3]
Virtual function table for std::streambuf
                         0x800'5024   0x44  Data  Gb  iostream_cout.o [3]
Voltage::Voltage(float, float)
                         0x800'49e9   0x1c  Code  Gb  main.o [1]
Voltage::Voltage(float, float)::string
                         0x800'5504    0x8  Data  Gb  main.o [1]
[local to ios_cpp]::std::stdopens
                        0x2000'0250    0xc  Data  Lc  ios.o [3]
[local to ios_cpp]::std::stdstr
                        0x2000'025c   0x28  Data  Lc  ios.o [3]
[local to iostream_cout_cpp]::std::__iarcoutguard
                        0x2000'020c    0x1  Data  Lc  iostream_cout.o [3]
[local to iostream_cout_cpp]::std::fout
                        0x2000'0210   0x40  Data  Lc  iostream_cout.o [3]
_LitobFullNoMb           0x800'23b9  0x10a  Code  Lc  xprintffull_nomb.o [2]
_PrintfFullNoMb          0x800'1615  0xd80  Code  Gb  xprintffull_nomb.o [2]
_PutcharFullNoMb         0x800'2529   0x20  Code  Lc  xprintffull_nomb.o [2]
_PutcharsFullNoMb        0x800'2549   0x2e  Code  Lc  xprintffull_nomb.o [2]
_SProut                  0x800'2693    0xa  Code  Gb  xsprout.o [2]
__aeabi_assert           0x800'4b29   0x24  Code  Gb  ABIassert.o [6]
__aeabi_atexit           0x800'3859    0xa  Code  Gb  cxxabi.o [3]
__aeabi_cdcmpeq          0x800'464d         Code  Gb  DblCmpEq.o [4]
__aeabi_cdcmple          0x800'27e1         Code  Gb  DblCmpLe.o [4]
__aeabi_cdrcmple         0x800'2811         Code  Gb  DblCmpGe.o [4]
__aeabi_d2iz             0x800'297d         Code  Gb  DblToS32.o [4]
__aeabi_d2uiz            0x800'2d09         Code  Gb  DblToU32.o [4]
__aeabi_ddiv             0x800'2ac1         Code  Gb  DblDiv.o [4]
__aeabi_dmul             0x800'2d4d         Code  Gb  DblMul.o [4]
__aeabi_dsub             0x800'29dd         Code  Gb  DblSub.o [4]
__aeabi_f2d              0x800'4b7d         Code  Gb  FltToDbl.o [4]
__aeabi_i2d              0x800'29b9         Code  Gb  S32ToDbl.o [4]
__aeabi_ldiv0            0x800'328d         Code  Gb  I64DivZer.o [5]
__aeabi_memset           0x800'3d39         Code  Gb  ABImemset.o [5]
__aeabi_ui2d             0x800'2d31         Code  Gb  U32ToDbl.o [4]
__aeabi_uldivmod         0x800'2ef1         Code  Gb  I64DivMod.o [5]
__call_ctors             0x800'3a1d   0x18  Code  Gb  cppinit.o [2]
__call_dtors             0x800'3a6b    0xc  Code  Gb  cppinit.o [2]
__call_dtors0            0x800'3a77   0x36  Code  Gb  cppinit.o [2]
__cexit_call_dtors       0x800'53af         Code  Gb  cexit.o [5]
__cmain                  0x800'5389         Code  Gb  cmain.o [5]
__cstart_call_dtors      0x800'5548         Data  Gb  cstart_call_dtors.o [5]
__cxa_atexit             0x800'3a35   0x36  Code  Gb  cppinit.o [2]
__data_GetMemChunk       0x800'151d   0x2c  Code  Gb  xgetmemchunk.o [2]
__data_GetMemChunk::start
                        0x2000'02d4    0x4  Data  Lc  xgetmemchunk.o [2]
__dso_handle            0x2000'02cc    0x4  Data  Gb  cppinit.o [2]
__dwrite                 0x800'5115   0x1e  Code  Gb  dwrite.o [6]
__exit                   0x800'1549   0x14  Code  Gb  exit.o [6]
__iar_Fail_s             0x800'261d   0x1c  Code  Gb  xfail_s.o [2]
__iar_Memchr             0x800'269d         Code  Gb  memchr.o [5]
__iar_Memset             0x800'3d39         Code  Gb  ABImemset.o [5]
__iar_Memset_word        0x800'3d41         Code  Gb  ABImemset.o [5]
__iar_Strchr             0x800'25ed         Code  Gb  strchr.o [5]
__iar_close_ttio         0x800'155d   0x2c  Code  Gb  iarttio.o [6]
__iar_copy_init3         0x800'25bf   0x2e  Code  Gb  copy_init3.o [5]
__iar_cstart_call_ctors
                         0x800'5369   0x20  Code  Gb  cmain_call_ctors.o [5]
__iar_dadd               0x800'29ed         Code  Gb  DblSub.o [4]
__iar_data_init3         0x800'5271   0x28  Code  Gb  data_init.o [5]
__iar_debug_exceptions   0x800'2abe    0x1  Data  Gb  unwind_debug.o [6]
__iar_dlfree             0x800'0fb7  0x51e  Code  Gb  dlmalloc.o [2]
__iar_dlmalloc           0x800'00c9  0xeee  Code  Gb  dlmalloc.o [2]
__iar_dsub               0x800'3121         Code  Gb  DblAdd.o [4]
__iar_dsubStart          0x800'3133         Code  Gb  DblAdd.o [4]
__iar_frexp              0x800'277d         Code  Gb  frexp.o [4]
__iar_frexpl             0x800'277d         Code  Gb  frexp.o [4]
__iar_get_ttio           0x800'1589   0x4c  Code  Gb  iarttio.o [6]
__iar_init_vfp           0x800'531d         Code  Gb  fpinit_M.o [4]
__iar_ldexp64            0x800'2841         Code  Gb  ldexp.o [4]
__iar_lookup_ttioh       0x800'1607    0x4  Code  Gb  XShttio.o [2]
__iar_program_start      0x800'54ed         Code  Gb  cstartup_M.o [5]
__iar_scalbln64          0x800'2841         Code  Gb  ldexp.o [4]
__iar_scalbn64           0x800'2841         Code  Gb  ldexp.o [4]
__iar_sh_stdout          0x800'5133   0x20  Code  Gb  iarwstd.o [6]
__iar_sh_write           0x800'5153   0x22  Code  Gb  iarwrite.o [6]
__iar_softfp___iar_frexp64
                         0x800'2771         Code  Gb  frexp.o [4]
__iar_softfp_frexp       0x800'2771         Code  Gb  frexp.o [4]
__iar_softfp_frexpl      0x800'2771         Code  Gb  frexp.o [4]
__iar_tls$$INIT_ARRAY$$Base
                         0x800'552c          --   Gb  - Linker created -
__iar_tls$$INIT_ARRAY$$Limit
                         0x800'552c          --   Gb  - Linker created -
__iar_ttio_guard_lock    0x800'15d9   0x1e  Code  Gb  XShttio.o [2]
__iar_ttio_guard_unlock
                         0x800'15f7   0x10  Code  Gb  XShttio.o [2]
__iar_ttio_handles      0x2000'0000    0x8  Data  Lc  XShttio.o [2]
__iar_unaligned_memcpy   0x800'26f5         Code  Gb  ABImemcpy_unaligned.o [5]
__iar_unaligned_memcpy4
                         0x800'2715         Code  Gb  ABImemcpy_unaligned.o [5]
__iar_unaligned_memcpy8
                         0x800'2715         Code  Gb  ABImemcpy_unaligned.o [5]
__iar_unaligned_memmove
                         0x800'3bad         Code  Gb  ABImemmove_unaligned.o [5]
__iar_unaligned_memmove4
                         0x800'3bad         Code  Gb  ABImemmove_unaligned.o [5]
__iar_unaligned_memmove8
                         0x800'3bad         Code  Gb  ABImemmove_unaligned.o [5]
__iar_zero_init3         0x800'14e3   0x3a  Code  Gb  zero_init3.o [5]
__low_level_init         0x800'4781   0x6e  Code  Gb  main.o [1]
__sti__routine           0x800'42bf    0xa  Code  Lc  ios.o [3]
__sti__routine           0x800'4c25   0x90  Code  Lc  iostream_cout.o [3]
__vector_table           0x800'0000         Data  Gb  vector_table_M.o [5]
__write                  0x800'5105   0x10  Code  Gb  write.o [6]
_call_main               0x800'5395         Code  Gb  cmain.o [5]
_exit                    0x800'53ad         Code  Gb  cexit.o [5]
_gm_                    0x2000'0008  0x1d8  Data  Lc  dlmalloc.o [2]
_main                    0x800'53a3         Code  Gb  cmain.o [5]
abort                    0x800'14dd    0x6  Code  Gb  abort.o [2]
char * && std::forward<char *>(std::remove_reference<char *>::type &)
                         0x800'3e75    0x2  Code  Gb  main.o [1]
char * std::_Addressof<char>(char &, std::integral_constant<bool, (bool)0>)
                         0x800'3ccb    0x2  Code  Gb  main.o [1]
char * std::_Allocate<char>(unsigned int, char *, bool)
                         0x800'3eef   0x12  Code  Gb  main.o [1]
char * std::_Maklocstr<char>(char const *, char *)
                         0x800'3e9b   0x34  Code  Gb  main.o [1]
char * std::addressof<char>(char &)
                         0x800'39d7    0x8  Code  Gb  main.o [1]
char std::_Maklocchr<char>(char, char *)
                         0x800'3e59    0x4  Code  Gb  main.o [1]
const std::allocator<char>& && std::forward<const std::allocator<char>&>(std::remove_reference<const std::allocator<char>&>::type &)
                         0x800'3dcb    0x2  Code  Gb  main.o [1]
exit                     0x800'53a7    0x4  Code  Gb  exit.o [2]
free                     0x800'3f21    0x4  Code  Gb  heaptramp0.o [2]
init_mparams             0x800'005b   0x2c  Code  Lc  dlmalloc.o [2]
init_top                 0x800'0087   0x34  Code  Lc  dlmalloc.o [2]
ldexp                    0x800'2841         Code  Gb  ldexp.o [4]
ldexpl                   0x800'2841         Code  Gb  ldexp.o [4]
main                     0x800'47f1   0x94  Code  Gb  main.o [1]
memchr                   0x800'269d         Code  Gb  memchr.o [5]
mparams                 0x2000'0284   0x18  Data  Lc  dlmalloc.o [2]
next_abi_dtor_rec       0x2000'02c8    0x4  Data  Lc  cppinit.o [2]
operator delete (void *)
                         0x800'3e91    0xa  Code  Gb  delop_0.o [3]
operator delete (void *, unsigned int)
                         0x800'4425    0x4  Code  Gb  delop4_0.o [3]
operator delete[] (void *)
                         0x800'541d    0x4  Code  Gb  delaop_0.o [3]
operator new (unsigned int)
                         0x800'3f25   0x24  Code  Gb  newop_0.o [3]
operator new (unsigned int, void *)
                         0x800'3f49    0x4  Code  Gb  main.o [1]
putchar                  0x800'50e5   0x20  Code  Gb  putchar.o [2]
scalbln                  0x800'2841         Code  Gb  ldexp.o [4]
scalblnl                 0x800'2841         Code  Gb  ldexp.o [4]
scalbn                   0x800'2841         Code  Gb  ldexp.o [4]
scalbnl                  0x800'2841         Code  Gb  ldexp.o [4]
scale                    0x800'24c3   0x46  Code  Lc  xprintffull_nomb.o [2]
sec_hand                0x2000'02d8    0x4  Data  Lc  xfail_s.o [2]
segment_holding          0x800'0041   0x1a  Code  Lc  dlmalloc.o [2]
sprintf                  0x800'4741   0x40  Code  Gb  sprintf.o [2]
std::_Compressed_pair<std::_Wrap_alloc<std::allocator<char>>, std::_String_val<std::_Simple_types<char>>, (bool)1>::_Compressed_pair<const std::allocator<char>&, >(std::_One_then_variadic_args_t, const std::allocator<char>& &&,  &&...)
                         0x800'3ca5   0x1c  Code  Gb  main.o [1]
std::_Compressed_pair<std::_Wrap_alloc<std::allocator<char>>, std::_String_val<std::_Simple_types<char>>, (bool)1>::_Get_first()
                         0x800'3cc1    0x2  Code  Gb  main.o [1]
std::_Compressed_pair<std::_Wrap_alloc<std::allocator<char>>, std::_String_val<std::_Simple_types<char>>, (bool)1>::_Get_first() const
                         0x800'3e5d    0x2  Code  Gb  main.o [1]
std::_Compressed_pair<std::_Wrap_alloc<std::allocator<char>>, std::_String_val<std::_Simple_types<char>>, (bool)1>::_Get_second()
                         0x800'3cd9    0x2  Code  Gb  main.o [1]
std::_Compressed_pair<std::_Wrap_alloc<std::allocator<char>>, std::_String_val<std::_Simple_types<char>>, (bool)1>::_Get_second() const
                         0x800'3d9f    0x2  Code  Gb  main.o [1]
std::_Fpz               0x2000'02b0   0x10  Data  Gb  ios.o [3]
std::_NomemoryNothrow()
                         0x800'3f4d    0x4  Code  Gb  nomemory.o [3]
std::_String_alloc<std::_String_base_types<char, std::allocator<char>>>::_Bx()
                         0x800'39bf    0x8  Code  Gb  main.o [1]
std::_String_alloc<std::_String_base_types<char, std::allocator<char>>>::_Get_data()
                         0x800'39f9    0x8  Code  Gb  main.o [1]
std::_String_alloc<std::_String_base_types<char, std::allocator<char>>>::_Get_data() const
                         0x800'3c3b    0x8  Code  Gb  main.o [1]
std::_String_alloc<std::_String_base_types<char, std::allocator<char>>>::_Getal()
                         0x800'39c7    0x8  Code  Gb  main.o [1]
std::_String_alloc<std::_String_base_types<char, std::allocator<char>>>::_Getal() const
                         0x800'3d05    0x8  Code  Gb  main.o [1]
std::_String_alloc<std::_String_base_types<char, std::allocator<char>>>::_Myptr()
                         0x800'3835    0xc  Code  Gb  main.o [1]
std::_String_alloc<std::_String_base_types<char, std::allocator<char>>>::_Myptr() const
                         0x800'394b    0xc  Code  Gb  main.o [1]
std::_String_alloc<std::_String_base_types<char, std::allocator<char>>>::_Myres()
                         0x800'39b5    0xa  Code  Gb  main.o [1]
std::_String_alloc<std::_String_base_types<char, std::allocator<char>>>::_Mysize()
                         0x800'3863    0xa  Code  Gb  main.o [1]
std::_String_alloc<std::_String_base_types<char, std::allocator<char>>>::_Mysize() const
                         0x800'3957    0xa  Code  Gb  main.o [1]
std::_String_alloc<std::_String_base_types<char, std::allocator<char>>>::_String_alloc(const std::allocator<char>&)
                         0x800'399d   0x18  Code  Gb  main.o [1]
std::_String_alloc<std::_String_base_types<char, std::allocator<char>>>::_String_alloc(const std::allocator<char>&) [subobject]
                         0x800'3779    0x8  Code  Gb  main.o [1]
std::_String_val<std::_Simple_types<char>>::_Myptr()
                         0x800'3a01   0x12  Code  Gb  main.o [1]
std::_String_val<std::_Simple_types<char>>::_Myptr() const
                         0x800'3c43   0x12  Code  Gb  main.o [1]
std::_String_val<std::_Simple_types<char>>::_String_val()
                         0x800'3dd5    0xa  Code  Gb  main.o [1]
std::_Wrap_alloc<std::allocator<char>>::_Wrap_alloc(const std::allocator<char>&)
                         0x800'3e8f    0x2  Code  Gb  main.o [1]
std::_Wrap_alloc<std::allocator<char>>::_Wrap_alloc(const std::allocator<char>&) [subobject]
                         0x800'3dcd    0x8  Code  Gb  main.o [1]
std::_Wrap_alloc<std::allocator<char>>::allocate(unsigned int)
                         0x800'3d15    0x8  Code  Gb  main.o [1]
std::_Wrap_alloc<std::allocator<char>>::deallocate(char *, unsigned int)
                         0x800'39f1    0x8  Code  Gb  main.o [1]
std::_Wrap_alloc<std::allocator<char>>::max_size(std::_Nil) const
                         0x800'3d0d    0x8  Code  Gb  main.o [1]
std::_Wrap_facet<std::ctype<char>>::_Wrap_facet()
                         0x800'3761   0x18  Code  Gb  main.o [1]
std::_Wrap_facet<std::num_put<char, std::ostreambuf_iterator<char, std::char_traits<char>>>>::_Wrap_facet()
                         0x800'4bf9   0x18  Code  Gb  main.o [1]
std::_Wrap_facet<std::numpunct<char>>::_Wrap_facet()
                         0x800'3841   0x18  Code  Gb  main.o [1]
std::_Wrap_facet<std::numpunct<char>>::~_Wrap_facet()
                         0x800'5499    0xe  Code  Gb  main.o [1]
std::__iar_New_hand     0x2000'02d0    0x4  Data  Gb  new.o [3]
std::__iar_cout_guard::~__iar_cout_guard()
                         0x800'5435   0x14  Code  Gb  iostream_cout.o [3]
std::__nobasic_filebuf<char, std::char_traits<char>>::__nobasic_filebuf()
                         0x800'4cb5   0x5c  Code  Gb  iostream_cout.o [3]
std::__nobasic_filebuf<char, std::char_traits<char>>::overflow(int)
                         0x800'50ad   0x38  Code  Gb  iostream_cout.o [3]
std::allocator<char>::allocate(unsigned int)
                         0x800'3e67    0xe  Code  Gb  main.o [1]
std::allocator<char>::deallocate(char *, unsigned int)
                         0x800'3ccd    0xc  Code  Gb  main.o [1]
std::allocator<char>::max_size() const
                         0x800'3ee9    0x6  Code  Gb  main.o [1]
std::allocator_traits<std::allocator<char>>::max_size(const std::allocator<char>&)
                         0x800'3e5f    0x8  Code  Gb  main.o [1]
std::char_traits<char>::assign(char &, char const &)
                         0x800'3c25    0x6  Code  Gb  main.o [1]
std::char_traits<char>::assign(char *, unsigned int, char)
                         0x800'3c2b   0x10  Code  Gb  main.o [1]
std::char_traits<char>::copy(char *, char const *, unsigned int)
                         0x800'39df   0x12  Code  Gb  main.o [1]
std::char_traits<char>::eq_int_type(int const &, int const &)
                         0x800'3c87   0x12  Code  Gb  main.o [1]
std::char_traits<char>::length(char const *)
                         0x800'4103   0x12  Code  Gb  main.o [1]
std::char_traits<char>::move(char *, char const *, unsigned int)
                         0x800'38e7   0x12  Code  Gb  main.o [1]
std::char_traits<char>::to_int_type(char const &)
                         0x800'3dc7    0x4  Code  Gb  main.o [1]
std::cout               0x2000'01e0   0x2c  Data  Gb  iostream_cout.o [3]
std::ctype<char> const & std::use_facet<std::ctype<char>>()
                         0x800'357d   0x20  Code  Gb  main.o [1]
std::ctype<char> const & std::use_facet<std::ctype<char>>()::_MyFacet
                        0x2000'02c4    0x4  Data  Gb  main.o [1]
std::ctype<char>::ctype()
                         0x800'3c99    0xc  Code  Gb  main.o [1]
std::ctype<char>::ctype() [subobject]
                         0x800'3993    0x8  Code  Gb  main.o [1]
std::ctype<char>::widen(char const *, char const *, char *) const
                         0x800'35d9   0x12  Code  Gb  main.o [1]
std::ctype<char>::widen(char) const
                         0x800'359d    0x6  Code  Gb  main.o [1]
std::ios::clear(std::_Iosb<int>::_Iostate, bool)
                         0x800'4255   0x18  Code  Gb  main.o [1]
std::ios::fill() const   0x800'4193    0x6  Code  Gb  main.o [1]
std::ios::rdbuf() const
                         0x800'4199    0x4  Code  Gb  main.o [1]
std::ios::setstate(std::_Iosb<int>::_Iostate, bool)
                         0x800'41a7   0x28  Code  Gb  main.o [1]
std::ios::tie() const    0x800'41f9    0x4  Code  Gb  main.o [1]
std::ios::widen(char) const
                         0x800'5237   0x12  Code  Gb  main.o [1]
std::ios_base::_Addstd(std::ios_base*)
                         0x800'4329   0x36  Code  Gb  ios.o [3]
std::ios_base::_Callfns(std::ios_base::event)
                         0x800'430d   0x1c  Code  Gb  ios.o [3]
std::ios_base::_Init()   0x800'436d   0x1c  Code  Gb  ios.o [3]
std::ios_base::_Tidy()   0x800'4389   0x38  Code  Gb  ios.o [3]
std::ios_base::clear(std::_Iosb<int>::_Iostate, bool)
                         0x800'42c9   0x20  Code  Gb  ios.o [3]
std::ios_base::flags() const
                         0x800'3551    0x4  Code  Gb  main.o [1]
std::ios_base::good() const
                         0x800'41e5   0x14  Code  Gb  main.o [1]
std::ios_base::precision() const
                         0x800'4649    0x4  Code  Gb  main.o [1]
std::ios_base::rdstate() const
                         0x800'4251    0x4  Code  Gb  main.o [1]
std::ios_base::width() const
                         0x800'36e7    0x4  Code  Gb  main.o [1]
std::ios_base::width(int)
                         0x800'3747    0x8  Code  Gb  main.o [1]
std::ios_base::~ios_base()
                         0x800'42e9   0x24  Code  Gb  ios.o [3]
std::ios_base::~ios_base() [subobject]
                         0x800'42bd    0x2  Code  Gb  ios.o [3]
std::num_put<char, std::ostreambuf_iterator<char, std::char_traits<char>>> const & std::use_facet<std::num_put<char, std::ostreambuf_iterator<char, std::char_traits<char>>>>()
                         0x800'4b55   0x20  Code  Gb  main.o [1]
std::num_put<char, std::ostreambuf_iterator<char, std::char_traits<char>>> const & std::use_facet<std::num_put<char, std::ostreambuf_iterator<char, std::char_traits<char>>>>()::_MyFacet
                        0x2000'02c0    0x4  Data  Gb  main.o [1]
std::num_put<char, std::ostreambuf_iterator<char, std::char_traits<char>>>::_Ffmt(char *, char, std::_Iosb<int>::_Fmtflags) const
                         0x800'466d   0xd2  Code  Gb  main.o [1]
std::num_put<char, std::ostreambuf_iterator<char, std::char_traits<char>>>::_Fput(std::ostreambuf_iterator<char, std::char_traits<char>>, std::ios_base &, char, char const *, unsigned int, unsigned int, unsigned int, unsigned int) const
                         0x800'3291  0x2c0  Code  Gb  main.o [1]
std::num_put<char, std::ostreambuf_iterator<char, std::char_traits<char>>>::_Fput(std::ostreambuf_iterator<char, std::char_traits<char>>, std::ios_base &, char, char const *, unsigned int, unsigned int, unsigned int, unsigned int) const::string
                         0x800'5534    0x4  Data  Gb  main.o [1]
std::num_put<char, std::ostreambuf_iterator<char, std::char_traits<char>>>::_Fput(std::ostreambuf_iterator<char, std::char_traits<char>>, std::ios_base &, char, char const *, unsigned int, unsigned int, unsigned int, unsigned int) const::string (instance 2)
                         0x800'5538    0x4  Data  Gb  main.o [1]
std::num_put<char, std::ostreambuf_iterator<char, std::char_traits<char>>>::_Put(std::ostreambuf_iterator<char, std::char_traits<char>>, char const *, unsigned int) const
                         0x800'3719   0x2e  Code  Gb  main.o [1]
std::num_put<char, std::ostreambuf_iterator<char, std::char_traits<char>>>::_Rep(std::ostreambuf_iterator<char, std::char_traits<char>>, char, unsigned int) const
                         0x800'36eb   0x2e  Code  Gb  main.o [1]
std::num_put<char, std::ostreambuf_iterator<char, std::char_traits<char>>>::do_put(std::ostreambuf_iterator<char, std::char_traits<char>>, std::ios_base &, char, double) const
                         0x800'44b9  0x190  Code  Gb  main.o [1]
std::num_put<char, std::ostreambuf_iterator<char, std::char_traits<char>>>::num_put()
                         0x800'4c19    0xc  Code  Gb  main.o [1]
std::num_put<char, std::ostreambuf_iterator<char, std::char_traits<char>>>::num_put() [subobject]
                         0x800'4c11    0x8  Code  Gb  main.o [1]
std::num_put<char, std::ostreambuf_iterator<char, std::char_traits<char>>>::put(std::ostreambuf_iterator<char, std::char_traits<char>>, std::ios_base &, char, double) const
                         0x800'4bc5   0x18  Code  Gb  main.o [1]
std::numpunct<char> const & std::use_facet<std::numpunct<char>>()
                         0x800'35ed   0x30  Code  Gb  main.o [1]
std::numpunct<char> const & std::use_facet<std::numpunct<char>>()::_MyFacet
                        0x2000'029c   0x14  Data  Gb  main.o [1]
std::numpunct<char>::_Init(bool)
                         0x800'3de9   0x70  Code  Gb  main.o [1]
std::numpunct<char>::_Init(bool)::string
                         0x800'29da    0x1  Data  Gb  main.o [1]
std::numpunct<char>::_Init(bool)::string (instance 2)
                         0x800'550c    0x8  Data  Gb  main.o [1]
std::numpunct<char>::_Init(bool)::string (instance 3)
                         0x800'5514    0x8  Data  Gb  main.o [1]
std::numpunct<char>::_Tidy()
                         0x800'5405   0x18  Code  Gb  main.o [1]
std::numpunct<char>::decimal_point() const
                         0x800'36c7    0xa  Code  Gb  main.o [1]
std::numpunct<char>::do_decimal_point() const
                         0x800'553d    0x4  Code  Gb  main.o [1]
std::numpunct<char>::do_grouping() const
                         0x800'54f9    0xa  Code  Gb  main.o [1]
std::numpunct<char>::do_thousands_sep() const
                         0x800'5541    0x4  Code  Gb  main.o [1]
std::numpunct<char>::grouping() const
                         0x800'361d    0xa  Code  Gb  main.o [1]
std::numpunct<char>::numpunct()
                         0x800'3cdd   0x28  Code  Gb  main.o [1]
std::numpunct<char>::numpunct() [subobject]
                         0x800'3a13    0x8  Code  Gb  main.o [1]
std::numpunct<char>::thousands_sep() const
                         0x800'3627    0xa  Code  Gb  main.o [1]
std::numpunct<char>::~numpunct()
                         0x800'53ed   0x18  Code  Gb  main.o [1]
std::numpunct<char>::~numpunct() [subobject]
                         0x800'54a7    0x8  Code  Gb  main.o [1]
std::operator &(std::_Iosb<int>::_Fmtflags, std::_Iosb<int>::_Fmtflags)
                         0x800'3555    0x6  Code  Gb  main.o [1]
std::operator |=(std::_Iosb<int>::_Iostate &, std::_Iosb<int>::_Iostate)
                         0x800'418b    0x8  Code  Gb  main.o [1]
std::ostream & std::endl<char, std::char_traits<char>>(std::ostream &)
                         0x800'5209   0x2e  Code  Gb  main.o [1]
std::ostream & std::operator <<<std::char_traits<char>>(std::ostream &, char const *)
                         0x800'3f51  0x1b2  Code  Gb  main.o [1]
std::ostream::_Flush_sentry::_Flush_sentry(std::ostream&)
                         0x800'4275   0x28  Code  Gb  main.o [1]
std::ostream::_Flush_sentry::_Flush_sentry(std::ostream&) [subobject]
                         0x800'41dd    0x8  Code  Gb  main.o [1]
std::ostream::_Flush_sentry::operator bool() const
                         0x800'4187    0x4  Code  Gb  main.o [1]
std::ostream::_Flush_sentry::~_Flush_sentry()
                         0x800'42a7   0x14  Code  Gb  main.o [1]
std::ostream::_Flush_sentry::~_Flush_sentry() [subobject]
                         0x800'426d    0x8  Code  Gb  main.o [1]
std::ostream::_Osfx()    0x800'43c9   0x54  Code  Gb  main.o [1]
std::ostream::_Sentry_base::_Sentry_base(std::ostream&)
                         0x800'4429   0x48  Code  Gb  main.o [1]
std::ostream::_Sentry_base::_Sentry_base(std::ostream&) [subobject]
                         0x800'43c1    0x8  Code  Gb  main.o [1]
std::ostream::_Sentry_base::~_Sentry_base()
                         0x800'4471   0x46  Code  Gb  main.o [1]
std::ostream::_Sentry_base::~_Sentry_base() [subobject]
                         0x800'441d    0x8  Code  Gb  main.o [1]
std::ostream::flush()    0x800'41fd   0x54  Code  Gb  main.o [1]
std::ostream::operator <<(float)
                         0x800'4a43   0xb0  Code  Gb  main.o [1]
std::ostream::operator <<(std::ostream&(*)(std::ostream&))
                         0x800'4af3    0x6  Code  Gb  main.o [1]
std::ostream::put(char)
                         0x800'4e1b   0x76  Code  Gb  main.o [1]
std::ostream::sentry::sentry(std::ostream&)
                         0x800'4115   0x72  Code  Gb  main.o [1]
std::ostream::sentry::~sentry()
                         0x800'41cf    0xe  Code  Gb  main.o [1]
std::ostream::~basic_ostream()
                         0x800'54af    0xe  Code  Gb  iostream_cout.o [3]
std::ostreambuf_iterator<char, std::char_traits<char>>::failed() const
                         0x800'4bdd    0x4  Code  Gb  main.o [1]
std::ostreambuf_iterator<char, std::char_traits<char>>::operator *()
                         0x800'3961    0x2  Code  Gb  main.o [1]
std::ostreambuf_iterator<char, std::char_traits<char>>::operator ++()
                         0x800'3991    0x2  Code  Gb  main.o [1]
std::ostreambuf_iterator<char, std::char_traits<char>>::operator =(char)
                         0x800'3963   0x2e  Code  Gb  main.o [1]
std::ostreambuf_iterator<char, std::char_traits<char>>::ostreambuf_iterator(std::streambuf *)
                         0x800'4b75    0x8  Code  Gb  main.o [1]
std::remove_reference<char *&>::type && std::move<char *&>(char *& &&)
                         0x800'3d1d    0x2  Code  Gb  main.o [1]
std::streambuf::_Lock()
                         0x800'283f    0x2  Code  Gb  iostream_cout.o [3]
std::streambuf::_Pnavail() const
                         0x800'3da1   0x18  Code  Gb  main.o [1]
std::streambuf::_Pninc()
                         0x800'3db9    0xe  Code  Gb  main.o [1]
std::streambuf::_Unlock()
                         0x800'297b    0x2  Code  Gb  iostream_cout.o [3]
std::streambuf::overflow(int)
                         0x800'276b    0x6  Code  Gb  iostream_cout.o [3]
std::streambuf::pubsync()
                         0x800'429d    0xa  Code  Gb  main.o [1]
std::streambuf::sputc(char)
                         0x800'3c55   0x32  Code  Gb  main.o [1]
std::streambuf::sputn(char const *, int)
                         0x800'419d    0xa  Code  Gb  main.o [1]
std::streambuf::sync()   0x800'5545    0x4  Code  Gb  iostream_cout.o [3]
std::streambuf::xsputn(char const *, int)
                         0x800'4e91   0x60  Code  Gb  iostream_cout.o [3]
std::string::_Chassign(unsigned int, unsigned int, char)
                         0x800'38f9   0x2a  Code  Gb  main.o [1]
std::string::_Copy(unsigned int, unsigned int)
                         0x800'3ad5   0xd6  Code  Gb  main.o [1]
std::string::_Eos(unsigned int)
                         0x800'3923   0x28  Code  Gb  main.o [1]
std::string::_Grow(unsigned int, bool)
                         0x800'386d   0x7a  Code  Gb  main.o [1]
std::string::_Inside(char const *)
                         0x800'4ff3   0x32  Code  Gb  main.o [1]
std::string::_Tidy(bool, unsigned int)
                         0x800'3781   0x7a  Code  Gb  main.o [1]
std::string::assign(char const *)
                         0x800'5305   0x18  Code  Gb  main.o [1]
std::string::assign(char const *, unsigned int)
                         0x800'4fa1   0x52  Code  Gb  main.o [1]
std::string::assign(const std::string&, unsigned int, unsigned int)
                         0x800'4d11   0x7c  Code  Gb  main.o [1]
std::string::assign(unsigned int, char)
                         0x800'37fb   0x3a  Code  Gb  main.o [1]
std::string::basic_string(char const *)
                         0x800'52e1   0x24  Code  Gb  main.o [1]
std::string::basic_string(unsigned int, char)
                         0x800'35a3   0x2a  Code  Gb  main.o [1]
std::string::erase(unsigned int)
                         0x800'4d8d   0x22  Code  Gb  main.o [1]
std::string::erase(unsigned int, unsigned int)
                         0x800'4daf   0x6c  Code  Gb  main.o [1]
std::string::insert(unsigned int, unsigned int, char)
                         0x800'3631   0x96  Code  Gb  main.o [1]
std::string::max_size() const
                         0x800'3abd   0x18  Code  Gb  main.o [1]
std::string::operator [](unsigned int)
                         0x800'35cd    0xc  Code  Gb  main.o [1]
std::string::operator [](unsigned int) const
                         0x800'36d1    0xc  Code  Gb  main.o [1]
std::string::size() const
                         0x800'36dd    0xa  Code  Gb  main.o [1]
std::string::~basic_string()
                         0x800'374f   0x12  Code  Gb  main.o [1]
strchr                   0x800'25ed         Code  Gb  strchr.o [5]
strcspn                  0x800'355b   0x22  Code  Gb  strcspn.o [2]
strlen                   0x800'265d         Code  Gb  strlen.o [5]
ttio_guard              0x2000'02df    0x1  Data  Lc  XShttio.o [2]
void RegisterField<ADC1::SQR3, (unsigned int)0, (unsigned int)5, ReadWriteMode>::Set<ReadWriteMode, void>(unsigned int)::string
                         0x800'53bc   0x18  Data  Gb  main.o [1]
void RegisterField<ADC1::SQR3, (unsigned int)0, (unsigned int)5, ReadWriteMode>::Set<ReadWriteMode, void>(unsigned int)::string (instance 2)
                         0x800'4ef0   0x58  Data  Gb  main.o [1]
void RegisterField<ADC1::SQR3, (unsigned int)5, (unsigned int)5, ReadWriteMode>::Set<ReadWriteMode, void>(unsigned int)::string
                         0x800'53d4   0x18  Data  Gb  main.o [1]
void RegisterField<ADC1::SQR3, (unsigned int)5, (unsigned int)5, ReadWriteMode>::Set<ReadWriteMode, void>(unsigned int)::string (instance 2)
                         0x800'4f48   0x58  Data  Gb  main.o [1]
void std::_Deallocate<char>(char *, unsigned int)
                         0x800'3de1    0x8  Code  Gb  main.o [1]
void std::_Wrap_alloc<std::allocator<char>>::construct<char *, char *>(char * *, char * &&...)
                         0x800'3d1f   0x18  Code  Gb  main.o [1]
void std::_Wrap_alloc<std::allocator<char>>::destroy<char *>(char * *)
                         0x800'39cf    0x8  Code  Gb  main.o [1]
void std::allocator<char>::construct<char *, char *>(char * *, char * &&...)
                         0x800'3f01   0x20  Code  Gb  main.o [1]
void std::allocator<char>::destroy<char *>(char * *)
                         0x800'3ddf    0x2  Code  Gb  main.o [1]
void std::allocator_traits<std::allocator<char>>::construct<char *, char *>(std::allocator<char>&, char * *, char * &&...)
                         0x800'3e77   0x18  Code  Gb  main.o [1]
void std::allocator_traits<std::allocator<char>>::destroy<char *>(std::allocator<char>&, char * *)
                         0x800'3cc3    0x8  Code  Gb  main.o [1]
void std::numpunct<char>::_Getvals<char>(char)
                         0x800'3ecf   0x1a  Code  Gb  main.o [1]


[1] = D:\POIP\Git_hub\Klass_ACP\Lab6(Ivariable)\Debug\Obj
[2] = dl7M_tln.a
[3] = dlpp7M_tl_nc.a
[4] = m7M_tls.a
[5] = rt7M_tl.a
[6] = shb_l.a

  20'957 bytes of readonly  code memory
     875 bytes of readonly  data memory
  17'540 bytes of readwrite data memory

Errors: none
Warnings: none
