###############################################################################
#
# IAR ELF Linker V8.40.1.212/W32 for ARM                  01/Mar/2020  21:00:38
# Copyright 2007-2019 IAR Systems AB.
#
#    Output file  =  F:\Lab6\Debug\Exe\0802.out
#    Map file     =  F:\Lab6\Debug\List\0802.map
#    Command line =
#        -f C:\Users\User\AppData\Local\Temp\EWF565.tmp
#        (F:\Lab6\Debug\Obj\main.o --no_out_extension -o
#        F:\Lab6\Debug\Exe\0802.out --map F:\Lab6\Debug\List\0802.map --config
#        D:\Kolody\iar\arm\config\linker\ST\stm32f411xE.icf --semihosting
#        --entry __iar_program_start --vfe --text_out locale)
#
###############################################################################

*******************************************************************************
*** RUNTIME MODEL ATTRIBUTES
***

CppFlavor                     = *
__CPP_Exceptions              = Disabled
__CPP_Language                = C++14
__Heap_Handler                = DLMalloc
__SystemLibrary               = DLib
__dlib_dynamic_initialization = normal
__dlib_version                = 6


*******************************************************************************
*** HEAP SELECTION
***

The advanced heap was selected because the application calls memory
allocation functions outside of system library functions, and there
are calls to deallocation functions in the application.


*******************************************************************************
*** PLACEMENT SUMMARY
***

"A0":  place at address 0x800'0000 { ro section .intvec };
"P1":  place in [from 0x800'0000 to 0x807'ffff] { ro };
define block CSTACK with size = 8K, alignment = 8 { };
define block HEAP with size = 8K, alignment = 8 { };
"P2":  place in [from 0x2000'0000 to 0x2001'ffff] {
          rw, block CSTACK, block HEAP };
initialize by copy { rw };

  Section                Kind         Address    Size  Object
  -------                ----         -------    ----  ------
"A0":                                            0x40
  .intvec                ro code   0x800'0000    0x40  vector_table_M.o [5]
                                 - 0x800'0040    0x40

"P1":                                          0x5488
  .text                  ro code   0x800'0040  0x149c  dlmalloc.o [2]
  .text                  ro code   0x800'14dc     0x6  abort.o [2]
  .text                  ro code   0x800'14e2    0x3a  zero_init3.o [5]
  .text                  ro code   0x800'151c    0x2c  xgetmemchunk.o [2]
  .text                  ro code   0x800'1548    0x14  exit.o [6]
  .text                  ro code   0x800'155c    0x7c  iarttio.o [6]
  .text                  ro code   0x800'15d8    0x3c  XShttio.o [2]
  .text                  ro code   0x800'1614   0xfaa  xprintffull_nomb.o [2]
  .text                  ro code   0x800'25be    0x2e  copy_init3.o [5]
  .text                  ro code   0x800'25ec    0x16  strchr.o [5]
  .text                  ro code   0x800'2602     0xa  xsprout.o [2]
  .text                  ro code   0x800'260c    0x40  xfail_s.o [2]
  .text                  ro code   0x800'264c    0x36  strlen.o [5]
  .text                  ro code   0x800'2682     0x6  iostream_cout.o [3]
  .text                  ro code   0x800'2688    0x58  memchr.o [5]
  .text                  ro code   0x800'26e0    0x76  ABImemcpy_unaligned.o [5]
  .rodata                const     0x800'2756     0x2  main.o [1]
  .text                  ro code   0x800'2758    0x70  frexp.o [4]
  .text                  ro code   0x800'27c8    0x2e  DblCmpLe.o [4]
  .text                  ro code   0x800'27f6     0x2  iostream_cout.o [3]
  .text                  ro code   0x800'27f8    0x2e  DblCmpGe.o [4]
  .text                  ro code   0x800'2826     0x2  iostream_cout.o [3]
  .text                  ro code   0x800'2828   0x13a  ldexp.o [4]
  .text                  ro code   0x800'2962     0x2  vector_table_M.o [5]
  .text                  ro code   0x800'2964    0x3a  DblToS32.o [4]
  .rodata                const     0x800'299e     0x1  main.o [1]
  .rodata                const     0x800'299f     0x1  main.o [1]
  .text                  ro code   0x800'29a0    0x22  S32ToDbl.o [4]
  .rodata                const     0x800'29c2     0x1  unwind_debug.o [6]
  .text                  ro code   0x800'29c4    0xe2  DblSub.o [4]
  .text                  ro code   0x800'2aa8   0x246  DblDiv.o [4]
  .text                  ro code   0x800'2cf0    0x28  DblToU32.o [4]
  .text                  ro code   0x800'2d18    0x1a  U32ToDbl.o [4]
  .text                  ro code   0x800'2d34   0x1a2  DblMul.o [4]
  .text                  ro code   0x800'2ed8   0x230  I64DivMod.o [5]
  .text                  ro code   0x800'3108   0x16a  DblAdd.o [4]
  .text                  ro code   0x800'3274     0x2  I64DivZer.o [5]
  .text                  ro code   0x800'3278   0x2c0  main.o [1]
  .text                  ro code   0x800'3538     0x4  main.o [1]
  .text                  ro code   0x800'353c     0x6  main.o [1]
  .text                  ro code   0x800'3542    0x22  strcspn.o [2]
  .text                  ro code   0x800'3564    0x20  main.o [1]
  .text                  ro code   0x800'3584     0x6  main.o [1]
  .text                  ro code   0x800'358a    0x2a  main.o [1]
  .text                  ro code   0x800'35b4     0xc  main.o [1]
  .text                  ro code   0x800'35c0    0x12  main.o [1]
  .text                  ro code   0x800'35d4    0x30  main.o [1]
  .text                  ro code   0x800'3604     0xa  main.o [1]
  .text                  ro code   0x800'360e     0xa  main.o [1]
  .text                  ro code   0x800'3618    0x96  main.o [1]
  .text                  ro code   0x800'36ae     0xa  main.o [1]
  .text                  ro code   0x800'36b8     0xc  main.o [1]
  .text                  ro code   0x800'36c4     0xa  main.o [1]
  .text                  ro code   0x800'36ce     0x4  main.o [1]
  .text                  ro code   0x800'36d2    0x2e  main.o [1]
  .text                  ro code   0x800'3700    0x2e  main.o [1]
  .text                  ro code   0x800'372e     0x8  main.o [1]
  .text                  ro code   0x800'3736    0x12  main.o [1]
  .text                  ro code   0x800'3748    0x18  main.o [1]
  .text                  ro code   0x800'3760     0x8  main.o [1]
  .text                  ro code   0x800'3768    0x7a  main.o [1]
  .text                  ro code   0x800'37e2    0x3a  main.o [1]
  .text                  ro code   0x800'381c     0xc  main.o [1]
  .text                  ro code   0x800'3828    0x18  main.o [1]
  .text                  ro code   0x800'3840     0xa  cxxabi.o [3]
  .text                  ro code   0x800'384a     0xa  main.o [1]
  .text                  ro code   0x800'3854    0x7a  main.o [1]
  .text                  ro code   0x800'38ce    0x12  main.o [1]
  .text                  ro code   0x800'38e0    0x2a  main.o [1]
  .text                  ro code   0x800'390a    0x28  main.o [1]
  .text                  ro code   0x800'3932     0xc  main.o [1]
  .text                  ro code   0x800'393e     0xa  main.o [1]
  .text                  ro code   0x800'3948     0x2  main.o [1]
  .text                  ro code   0x800'394a    0x2e  main.o [1]
  .text                  ro code   0x800'3978     0x2  main.o [1]
  .text                  ro code   0x800'397a     0x8  main.o [1]
  .text                  ro code   0x800'3984    0x18  main.o [1]
  .text                  ro code   0x800'399c     0xa  main.o [1]
  .text                  ro code   0x800'39a6     0x8  main.o [1]
  .text                  ro code   0x800'39ae     0x8  main.o [1]
  .text                  ro code   0x800'39b6     0x8  main.o [1]
  .text                  ro code   0x800'39be     0x8  main.o [1]
  .text                  ro code   0x800'39c6    0x12  main.o [1]
  .text                  ro code   0x800'39d8     0x8  main.o [1]
  .text                  ro code   0x800'39e0     0x8  main.o [1]
  .text                  ro code   0x800'39e8    0x12  main.o [1]
  .text                  ro code   0x800'39fa     0x8  main.o [1]
  .text                  ro code   0x800'3a04    0xa0  cppinit.o [2]
  .text                  ro code   0x800'3aa4    0x18  main.o [1]
  .text                  ro code   0x800'3abc    0xd6  main.o [1]
  .text                  ro code   0x800'3b94    0x78  ABImemmove_unaligned.o [5]
  .text                  ro code   0x800'3c0c     0x6  main.o [1]
  .text                  ro code   0x800'3c12    0x10  main.o [1]
  .text                  ro code   0x800'3c22     0x8  main.o [1]
  .text                  ro code   0x800'3c2a    0x12  main.o [1]
  .text                  ro code   0x800'3c3c    0x32  main.o [1]
  .text                  ro code   0x800'3c6e    0x12  main.o [1]
  .text                  ro code   0x800'3c80     0xc  main.o [1]
  .text                  ro code   0x800'3c8c    0x1c  main.o [1]
  .text                  ro code   0x800'3ca8     0x2  main.o [1]
  .text                  ro code   0x800'3caa     0x8  main.o [1]
  .text                  ro code   0x800'3cb2     0x2  main.o [1]
  .text                  ro code   0x800'3cb4     0xc  main.o [1]
  .text                  ro code   0x800'3cc0     0x2  main.o [1]
  .text                  ro code   0x800'3cc4    0x28  main.o [1]
  .text                  ro code   0x800'3cec     0x8  main.o [1]
  .text                  ro code   0x800'3cf4     0x8  main.o [1]
  .text                  ro code   0x800'3cfc     0x8  main.o [1]
  .text                  ro code   0x800'3d04     0x2  main.o [1]
  .text                  ro code   0x800'3d06    0x18  main.o [1]
  .text                  ro code   0x800'3d20    0x66  ABImemset.o [5]
  .text                  ro code   0x800'3d86     0x2  main.o [1]
  .text                  ro code   0x800'3d88    0x18  main.o [1]
  .text                  ro code   0x800'3da0     0xe  main.o [1]
  .text                  ro code   0x800'3dae     0x4  main.o [1]
  .text                  ro code   0x800'3db2     0x2  main.o [1]
  .text                  ro code   0x800'3db4     0x8  main.o [1]
  .text                  ro code   0x800'3dbc     0xa  main.o [1]
  .text                  ro code   0x800'3dc6     0x2  main.o [1]
  .text                  ro code   0x800'3dc8     0x8  main.o [1]
  .text                  ro code   0x800'3dd0    0x70  main.o [1]
  .text                  ro code   0x800'3e40     0x4  main.o [1]
  .text                  ro code   0x800'3e44     0x2  main.o [1]
  .text                  ro code   0x800'3e46     0x8  main.o [1]
  .text                  ro code   0x800'3e4e     0xe  main.o [1]
  .text                  ro code   0x800'3e5c     0x2  main.o [1]
  .text                  ro code   0x800'3e5e    0x18  main.o [1]
  .text                  ro code   0x800'3e76     0x2  main.o [1]
  .text                  ro code   0x800'3e78     0xa  delop_0.o [3]
  .text                  ro code   0x800'3e82    0x34  main.o [1]
  .text                  ro code   0x800'3eb6    0x1a  main.o [1]
  .text                  ro code   0x800'3ed0     0x6  main.o [1]
  .text                  ro code   0x800'3ed6    0x12  main.o [1]
  .text                  ro code   0x800'3ee8    0x20  main.o [1]
  .text                  ro code   0x800'3f08     0x4  heaptramp0.o [2]
  .text                  ro code   0x800'3f0c    0x24  newop_0.o [3]
  .text                  ro code   0x800'3f30     0x4  main.o [1]
  .text                  ro code   0x800'3f34     0x4  nomemory.o [3]
  .text                  ro code   0x800'3f38   0x1b2  main.o [1]
  .text                  ro code   0x800'40ea    0x12  main.o [1]
  .text                  ro code   0x800'40fc    0x72  main.o [1]
  .text                  ro code   0x800'416e     0x4  main.o [1]
  .text                  ro code   0x800'4172     0x8  main.o [1]
  .text                  ro code   0x800'417a     0x6  main.o [1]
  .text                  ro code   0x800'4180     0x4  main.o [1]
  .text                  ro code   0x800'4184     0xa  main.o [1]
  .text                  ro code   0x800'418e    0x28  main.o [1]
  .text                  ro code   0x800'41b6     0xe  main.o [1]
  .text                  ro code   0x800'41c4     0x8  main.o [1]
  .text                  ro code   0x800'41cc    0x14  main.o [1]
  .text                  ro code   0x800'41e0     0x4  main.o [1]
  .text                  ro code   0x800'41e4    0x54  main.o [1]
  .text                  ro code   0x800'4238     0x4  main.o [1]
  .text                  ro code   0x800'423c    0x18  main.o [1]
  .text                  ro code   0x800'4254     0x8  main.o [1]
  .text                  ro code   0x800'425c    0x28  main.o [1]
  .text                  ro code   0x800'4284     0xa  main.o [1]
  .text                  ro code   0x800'428e    0x14  main.o [1]
  .text                  ro code   0x800'42a4   0x104  ios.o [3]
  .text                  ro code   0x800'43a8     0x8  main.o [1]
  .text                  ro code   0x800'43b0    0x54  main.o [1]
  .text                  ro code   0x800'4404     0x8  main.o [1]
  .text                  ro code   0x800'440c     0x4  delop4_0.o [3]
  .text                  ro code   0x800'4410    0x48  main.o [1]
  .text                  ro code   0x800'4458    0x46  main.o [1]
  .text                  ro code   0x800'44a0   0x190  main.o [1]
  .text                  ro code   0x800'4630     0x4  main.o [1]
  .text                  ro code   0x800'4634    0x20  DblCmpEq.o [4]
  .text                  ro code   0x800'4654    0xd2  main.o [1]
  .text                  ro code   0x800'4728    0x40  sprintf.o [2]
  .text                  ro code   0x800'4768   0x158  main.o [1]
  .text                  ro code   0x800'48c0    0x14  main.o [1]
  .text                  ro code   0x800'48d4    0x5c  main.o [1]
  .text                  ro code   0x800'4930    0xa0  main.o [1]
  .text                  ro code   0x800'49d0     0xe  main.o [1]
  .text                  ro code   0x800'49de     0xe  main.o [1]
  .text                  ro code   0x800'49ec    0x14  main.o [1]
  .text                  ro code   0x800'4a00    0x14  main.o [1]
  .text                  ro code   0x800'4a14     0xc  main.o [1]
  .text                  ro code   0x800'4a20    0x1a  main.o [1]
  .text                  ro code   0x800'4a3a    0x1a  main.o [1]
  .text                  ro code   0x800'4a54     0x6  main.o [1]
  .text                  ro code   0x800'4a5a    0xb0  main.o [1]
  .text                  ro code   0x800'4b0a     0x6  main.o [1]
  .text                  ro code   0x800'4b10     0x6  main.o [1]
  .text                  ro code   0x800'4b18    0x30  main.o [1]
  .text                  ro code   0x800'4b48    0x24  ABIassert.o [6]
  .text                  ro code   0x800'4b6c    0x20  main.o [1]
  .text                  ro code   0x800'4b8c     0x8  main.o [1]
  .text                  ro code   0x800'4b94    0x48  FltToDbl.o [4]
  .text                  ro code   0x800'4bdc    0x18  main.o [1]
  .text                  ro code   0x800'4bf4     0x4  main.o [1]
  .text                  ro code   0x800'4bf8    0x18  main.o [1]
  .text                  ro code   0x800'4c10     0x8  main.o [1]
  .text                  ro code   0x800'4c18     0xc  main.o [1]
  .text                  ro code   0x800'4c24    0x90  iostream_cout.o [3]
  .text                  ro code   0x800'4cb4    0x5c  iostream_cout.o [3]
  .text                  ro code   0x800'4d10    0x7c  main.o [1]
  .text                  ro code   0x800'4d8c    0x22  main.o [1]
  .text                  ro code   0x800'4dae    0x6c  main.o [1]
  .text                  ro code   0x800'4e1a    0x76  main.o [1]
  .text                  ro code   0x800'4e90    0x60  iostream_cout.o [3]
  .text                  ro code   0x800'4ef0    0x52  main.o [1]
  .text                  ro code   0x800'4f42    0x32  main.o [1]
  .rodata                const     0x800'4f74    0x44  iostream_cout.o [3]
  .rodata                const     0x800'4fb8    0x44  iostream_cout.o [3]
  .rodata                const     0x800'4ffc    0x38  main.o [1]
  .rodata                const     0x800'5034    0x38  main.o [1]
  .text                  ro code   0x800'506c    0x38  iostream_cout.o [3]
  .text                  ro code   0x800'50a4    0x20  putchar.o [2]
  .text                  ro code   0x800'50c4    0x10  write.o [6]
  .text                  ro code   0x800'50d4    0x1e  dwrite.o [6]
  .text                  ro code   0x800'50f2    0x20  iarwstd.o [6]
  .text                  ro code   0x800'5112    0x22  iarwrite.o [6]
  .rodata                const     0x800'5134    0x30  main.o [1]
  .rodata                const     0x800'5164    0x30  main.o [1]
  .text                  ro code   0x800'5194    0x2e  main.o [1]
  .text                  ro code   0x800'51c2    0x12  main.o [1]
  .rodata                const     0x800'51d4    0x28  iostream_cout.o [3]
  .text                  ro code   0x800'51fc    0x28  data_init.o [5]
  .rodata                const     0x800'5224    0x24  main.o [1]
  .rodata                const     0x800'5248    0x24  main.o [1]
  .text                  ro code   0x800'526c    0x24  main.o [1]
  .text                  ro code   0x800'5290    0x18  main.o [1]
  .text                  ro code   0x800'52a8    0x22  fpinit_M.o [4]
  .iar.init_table        const     0x800'52cc    0x28  - Linker created -
  .text                  ro code   0x800'52f4    0x20  cmain_call_ctors.o [5]
  .text                  ro code   0x800'5314    0x1e  cmain.o [5]
  .text                  ro code   0x800'5332     0x4  exit.o [2]
  .text                  ro code   0x800'5338     0xe  cexit.o [5]
  .rodata                const     0x800'5348    0x18  main.o [1]
  .rodata                const     0x800'5360    0x18  main.o [1]
  .text                  ro code   0x800'5378    0x18  main.o [1]
  .text                  ro code   0x800'5390    0x18  main.o [1]
  .text                  ro code   0x800'53a8     0x4  delaop_0.o [3]
  .rodata                const     0x800'53ac    0x14  main.o [1]
  .text                  ro code   0x800'53c0    0x14  iostream_cout.o [3]
  .rodata                const     0x800'53d4    0x10  main.o [1]
  .rodata                const     0x800'53e4    0x10  main.o [1]
  .rodata                const     0x800'53f4    0x10  main.o [1]
  .rodata                const     0x800'5404    0x10  main.o [1]
  .rodata                const     0x800'5414    0x10  main.o [1]
  .rodata                const     0x800'5424    0x10  ios.o [3]
  .rodata                const     0x800'5434    0x10  iostream_cout.o [3]
  .text                  ro code   0x800'5444     0xe  main.o [1]
  .text                  ro code   0x800'5452     0x8  main.o [1]
  .text                  ro code   0x800'545a     0xe  iostream_cout.o [3]
  .rodata                const     0x800'5468     0xc  main.o [1]
  .text                  ro code   0x800'5474     0xc  cstartup_M.o [5]
  .text                  ro code   0x800'5480     0xa  main.o [1]
  .rodata                const     0x800'548c     0x8  main.o [1]
  .rodata                const     0x800'5494     0x8  main.o [1]
  .rodata                const     0x800'549c     0x8  xprintffull_nomb.o [2]
  SHT$$PREINIT_ARRAY               0x800'54a4     0x4  <Block>
    .preinit_array       const     0x800'54a4     0x4  iostream_cout.o [3]
  SHT$$INIT_ARRAY                  0x800'54a8     0x4  <Block>
    .init_array          const     0x800'54a8     0x4  ios.o [3]
  __iar_tls$$INIT_ARRAY            0x800'54ac     0x0  <Block>
  Initializer bytes      const     0x800'54ac     0x8  <for P2-1>
  .rodata                const     0x800'54b4     0x4  main.o [1]
  .rodata                const     0x800'54b8     0x4  main.o [1]
  .text                  ro code   0x800'54bc     0x4  main.o [1]
  .text                  ro code   0x800'54c0     0x4  main.o [1]
  .text                  ro code   0x800'54c4     0x4  iostream_cout.o [3]
  .text                  ro code   0x800'54c8     0x0  cstart_call_dtors.o [5]
  .rodata                const     0x800'54c8     0x0  zero_init3.o [5]
  .rodata                const     0x800'54c8     0x0  copy_init3.o [5]
                                 - 0x800'54c8  0x5488

"P2", part 1 of 3:                                0x8
  P2-1                            0x2000'0000     0x8  <Init block>
    .data                inited   0x2000'0000     0x8  XShttio.o [2]
                                - 0x2000'0008     0x8

"P2", part 2 of 3:                              0x2d8
  .bss                   zero     0x2000'0008   0x1d8  dlmalloc.o [2]
  .bss                   zero     0x2000'01e0    0x70  iostream_cout.o [3]
  .bss                   zero     0x2000'0250    0x34  ios.o [3]
  .bss                   zero     0x2000'0284    0x18  dlmalloc.o [2]
  .bss                   zero     0x2000'029c    0x14  main.o [1]
  .bss                   zero     0x2000'02b0    0x10  ios.o [3]
  .bss                   zero     0x2000'02c0     0x4  main.o [1]
  .bss                   zero     0x2000'02c4     0x4  main.o [1]
  .bss                   zero     0x2000'02c8     0x4  cppinit.o [2]
  .bss                   zero     0x2000'02cc     0x4  cppinit.o [2]
  .bss                   zero     0x2000'02d0     0x4  new.o [3]
  .bss                   zero     0x2000'02d4     0x4  xgetmemchunk.o [2]
  .bss                   zero     0x2000'02d8     0x4  xfail_s.o [2]
  .bss                   zero     0x2000'02dc     0x1  main.o [1]
  .bss                   zero     0x2000'02dd     0x1  main.o [1]
  .bss                   zero     0x2000'02de     0x1  main.o [1]
  .bss                   zero     0x2000'02df     0x1  XShttio.o [2]
                                - 0x2000'02e0   0x2d8

"P2", part 3 of 3:                             0x41a8
  .iar.dynexit                    0x2000'02e0   0x1a4  <Block>
    .iar.dynexit         uninit   0x2000'02e0     0xc  cppinit.o [2]
    .iar.dynexit         uninit   0x2000'02ec   0x198  <Block tail>
  CSTACK                          0x2000'0488  0x2000  <Block>
    CSTACK               uninit   0x2000'0488  0x2000  <Block tail>
  HEAP                            0x2000'2488  0x2000  <Block>
    HEAP                 uninit   0x2000'2488  0x2000  <Block tail>
                                - 0x2000'4488  0x41a8

Unused ranges:

         From           To      Size
         ----           --      ----
   0x800'54c8   0x807'ffff  0x7'ab38
  0x2000'4488  0x2001'ffff  0x1'bb78


*******************************************************************************
*** INIT TABLE
***

          Address      Size
          -------      ----
Zero (__iar_zero_init3)
    1 destination range, total size 0x2d8:
          0x2000'0008  0x2d8

Copy (__iar_copy_init3)
    1 source range, total size 0x8:
           0x800'54ac    0x8
    1 destination range, total size 0x8:
          0x2000'0000    0x8

Extra (__iar_cstart_call_ctors)



*******************************************************************************
*** MODULE SUMMARY
***

    Module                  ro code  ro data  rw data
    ------                  -------  -------  -------
command line/config:
    -------------------------------------------------
    Total:

F:\Lab6\Debug\Obj: [1]
    main.o                    6'332      468       31
    -------------------------------------------------
    Total:                    6'332      468       31

dl7M_tln.a: [2]
    XShttio.o                    60        8        9
    abort.o                       6
    cppinit.o                   160                20
    dlmalloc.o                5'276               496
    exit.o                        4
    heaptramp0.o                  4
    putchar.o                    32
    sprintf.o                    64
    strcspn.o                    34
    xfail_s.o                    64                 4
    xgetmemchunk.o               44                 4
    xprintffull_nomb.o        4'010        8
    xsprout.o                    10
    -------------------------------------------------
    Total:                    9'768       16      533

dlpp7M_tl_nc.a: [3]
    cxxabi.o                     10
    delaop_0.o                    4
    delop4_0.o                    4
    delop_0.o                    10
    ios.o                       260       20       68
    iostream_cout.o             436      196      112
    new.o                                           4
    newop_0.o                    36
    nomemory.o                    4
    -------------------------------------------------
    Total:                      764      216      184

m7M_tls.a: [4]
    DblAdd.o                    362
    DblCmpEq.o                   32
    DblCmpGe.o                   46
    DblCmpLe.o                   46
    DblDiv.o                    582
    DblMul.o                    418
    DblSub.o                    226
    DblToS32.o                   58
    DblToU32.o                   40
    FltToDbl.o                   72
    S32ToDbl.o                   34
    U32ToDbl.o                   26
    fpinit_M.o                   34
    frexp.o                     112
    ldexp.o                     314
    -------------------------------------------------
    Total:                    2'402

rt7M_tl.a: [5]
    ABImemcpy_unaligned.o       118
    ABImemmove_unaligned.o      120
    ABImemset.o                 102
    I64DivMod.o                 560
    I64DivZer.o                   2
    cexit.o                      14
    cmain.o                      30
    cmain_call_ctors.o           32
    copy_init3.o                 46
    cstart_call_dtors.o
    cstartup_M.o                 12
    data_init.o                  40
    memchr.o                     88
    strchr.o                     22
    strlen.o                     54
    vector_table_M.o             66
    zero_init3.o                 58
    -------------------------------------------------
    Total:                    1'364

shb_l.a: [6]
    ABIassert.o                  36
    dwrite.o                     30
    exit.o                       20
    iarttio.o                   124
    iarwrite.o                   34
    iarwstd.o                    32
    unwind_debug.o                         1
    write.o                      16
    -------------------------------------------------
    Total:                      292        1

    Gaps                         35        6
    Linker created                        40   16'792
-----------------------------------------------------
    Grand Total:             20'957      747   17'540


*******************************************************************************
*** ENTRY LIST
***

Entry                       Address   Size  Type      Object
-----                       -------   ----  ----      ------
.iar.dynexit$$Base      0x2000'02e0          --   Gb  - Linker created -
.iar.dynexit$$Limit     0x2000'0484          --   Gb  - Linker created -
.iar.init_table$$Base    0x800'52cc          --   Gb  - Linker created -
.iar.init_table$$Limit   0x800'52f4          --   Gb  - Linker created -
?main                    0x800'5315         Code  Gb  cmain.o [5]
ADC<ADC1>::Config(Resolution)
                         0x800'48d5   0x5c  Code  Gb  main.o [1]
ADC<ADC1>::ConfigChannel(unsigned int, unsigned int)
                         0x800'4931   0xa0  Code  Gb  main.o [1]
ADC<ADC1>::ConfigChannel(unsigned int, unsigned int)::string
                         0x800'53e4   0x10  Data  Gb  main.o [1]
ADC<ADC1>::ConfigChannel(unsigned int, unsigned int)::string (instance 2)
                         0x800'53f4   0x10  Data  Gb  main.o [1]
ADC<ADC1>::ConfigChannel(unsigned int, unsigned int)::string (instance 3)
                         0x800'53ac   0x14  Data  Gb  main.o [1]
ADC<ADC1>::Get()         0x800'4a15    0xc  Code  Gb  main.o [1]
ADC<ADC1>::IsReady()     0x800'4a01   0x14  Code  Gb  main.o [1]
ADC<ADC1>::On()          0x800'48c1   0x14  Code  Gb  main.o [1]
ADC<ADC1>::ScanConfig()
                         0x800'4b19   0x30  Code  Gb  main.o [1]
ADC<ADC1>::Start()       0x800'49ed   0x14  Code  Gb  main.o [1]
CSTACK$$Base            0x2000'0488          --   Gb  - Linker created -
CSTACK$$Limit           0x2000'2488          --   Gb  - Linker created -
DtorRecArray            0x2000'02e0    0xc  Data  Lc  cppinit.o [2]
HEAP$$Base              0x2000'2488          --   Gb  - Linker created -
HEAP$$Limit             0x2000'4488          --   Gb  - Linker created -
Initialization guard variable for std::ctype<char> const & std::use_facet<std::ctype<char>>()::_MyFacet
                        0x2000'02dd    0x1  Data  Gb  main.o [1]
Initialization guard variable for std::num_put<char, std::ostreambuf_iterator<char, std::char_traits<char>>> const & std::use_facet<std::num_put<char, std::ostreambuf_iterator<char, std::char_traits<char>>>>()::_MyFacet
                        0x2000'02dc    0x1  Data  Gb  main.o [1]
Initialization guard variable for std::numpunct<char> const & std::use_facet<std::numpunct<char>>()::_MyFacet
                        0x2000'02de    0x1  Data  Gb  main.o [1]
Region$$Table$$Base      0x800'52cc          --   Gb  - Linker created -
Region$$Table$$Limit     0x800'52f4          --   Gb  - Linker created -
SHT$$INIT_ARRAY$$Base    0x800'54a8          --   Gb  - Linker created -
SHT$$INIT_ARRAY$$Limit   0x800'54ac          --   Gb  - Linker created -
SHT$$PREINIT_ARRAY$$Base
                         0x800'54a4          --   Gb  - Linker created -
SHT$$PREINIT_ARRAY$$Limit
                         0x800'54a8          --   Gb  - Linker created -
Temperature::Calculation(unsigned int)
                         0x800'4a21   0x1a  Code  Gb  main.o [1]
Temperature::GetValue()
                         0x800'4a55    0x6  Code  Gb  main.o [1]
Temperature::Temperature(float, float)
                         0x800'49d1    0xe  Code  Gb  main.o [1]
Virtual function table for std::_Wrap_facet<std::ctype<char>>
                         0x800'5404   0x10  Data  Gb  main.o [1]
Virtual function table for std::_Wrap_facet<std::num_put<char, std::ostreambuf_iterator<char, std::char_traits<char>>>>
                         0x800'5164   0x30  Data  Gb  main.o [1]
Virtual function table for std::_Wrap_facet<std::numpunct<char>>
                         0x800'5248   0x24  Data  Gb  main.o [1]
Virtual function table for std::__nobasic_filebuf<char, std::char_traits<char>>
                         0x800'4fb8   0x44  Data  Gb  iostream_cout.o [3]
Virtual function table for std::ctype<char>
                         0x800'53d4   0x10  Data  Gb  main.o [1]
Virtual function table for std::ios
                         0x800'5434   0x10  Data  Gb  iostream_cout.o [3]
Virtual function table for std::ios_base
                         0x800'5424   0x10  Data  Gb  ios.o [3]
Virtual function table for std::num_put<char, std::ostreambuf_iterator<char, std::char_traits<char>>>
                         0x800'5134   0x30  Data  Gb  main.o [1]
Virtual function table for std::numpunct<char>
                         0x800'5224   0x24  Data  Gb  main.o [1]
Virtual function table for std::ostream
                         0x800'51d4   0x28  Data  Gb  iostream_cout.o [3]
Virtual function table for std::streambuf
                         0x800'4f74   0x44  Data  Gb  iostream_cout.o [3]
Voltage::CalculationV(unsigned int)
                         0x800'4a3b   0x1a  Code  Gb  main.o [1]
Voltage::GetValueV()     0x800'4b11    0x6  Code  Gb  main.o [1]
Voltage::Voltage(float, float)
                         0x800'49df    0xe  Code  Gb  main.o [1]
[local to ios_cpp]::std::stdopens
                        0x2000'0250    0xc  Data  Lc  ios.o [3]
[local to ios_cpp]::std::stdstr
                        0x2000'025c   0x28  Data  Lc  ios.o [3]
[local to iostream_cout_cpp]::std::__iarcoutguard
                        0x2000'020c    0x1  Data  Lc  iostream_cout.o [3]
[local to iostream_cout_cpp]::std::fout
                        0x2000'0210   0x40  Data  Lc  iostream_cout.o [3]
_LitobFullNoMb           0x800'23b9  0x10a  Code  Lc  xprintffull_nomb.o [2]
_PrintfFullNoMb          0x800'1615  0xd80  Code  Gb  xprintffull_nomb.o [2]
_PutcharFullNoMb         0x800'2529   0x20  Code  Lc  xprintffull_nomb.o [2]
_PutcharsFullNoMb        0x800'2549   0x2e  Code  Lc  xprintffull_nomb.o [2]
_SProut                  0x800'2603    0xa  Code  Gb  xsprout.o [2]
__aeabi_assert           0x800'4b49   0x24  Code  Gb  ABIassert.o [6]
__aeabi_atexit           0x800'3841    0xa  Code  Gb  cxxabi.o [3]
__aeabi_cdcmpeq          0x800'4635         Code  Gb  DblCmpEq.o [4]
__aeabi_cdcmple          0x800'27c9         Code  Gb  DblCmpLe.o [4]
__aeabi_cdrcmple         0x800'27f9         Code  Gb  DblCmpGe.o [4]
__aeabi_d2iz             0x800'2965         Code  Gb  DblToS32.o [4]
__aeabi_d2uiz            0x800'2cf1         Code  Gb  DblToU32.o [4]
__aeabi_ddiv             0x800'2aa9         Code  Gb  DblDiv.o [4]
__aeabi_dmul             0x800'2d35         Code  Gb  DblMul.o [4]
__aeabi_dsub             0x800'29c5         Code  Gb  DblSub.o [4]
__aeabi_f2d              0x800'4b95         Code  Gb  FltToDbl.o [4]
__aeabi_i2d              0x800'29a1         Code  Gb  S32ToDbl.o [4]
__aeabi_ldiv0            0x800'3275         Code  Gb  I64DivZer.o [5]
__aeabi_memset           0x800'3d21         Code  Gb  ABImemset.o [5]
__aeabi_ui2d             0x800'2d19         Code  Gb  U32ToDbl.o [4]
__aeabi_uldivmod         0x800'2ed9         Code  Gb  I64DivMod.o [5]
__call_ctors             0x800'3a05   0x18  Code  Gb  cppinit.o [2]
__call_dtors             0x800'3a53    0xc  Code  Gb  cppinit.o [2]
__call_dtors0            0x800'3a5f   0x36  Code  Gb  cppinit.o [2]
__cexit_call_dtors       0x800'533b         Code  Gb  cexit.o [5]
__cmain                  0x800'5315         Code  Gb  cmain.o [5]
__cstart_call_dtors      0x800'54c8         Data  Gb  cstart_call_dtors.o [5]
__cxa_atexit             0x800'3a1d   0x36  Code  Gb  cppinit.o [2]
__data_GetMemChunk       0x800'151d   0x2c  Code  Gb  xgetmemchunk.o [2]
__data_GetMemChunk::start
                        0x2000'02d4    0x4  Data  Lc  xgetmemchunk.o [2]
__dso_handle            0x2000'02cc    0x4  Data  Gb  cppinit.o [2]
__dwrite                 0x800'50d5   0x1e  Code  Gb  dwrite.o [6]
__exit                   0x800'1549   0x14  Code  Gb  exit.o [6]
__iar_Fail_s             0x800'260d   0x1c  Code  Gb  xfail_s.o [2]
__iar_Memchr             0x800'2689         Code  Gb  memchr.o [5]
__iar_Memset             0x800'3d21         Code  Gb  ABImemset.o [5]
__iar_Memset_word        0x800'3d29         Code  Gb  ABImemset.o [5]
__iar_Strchr             0x800'25ed         Code  Gb  strchr.o [5]
__iar_close_ttio         0x800'155d   0x2c  Code  Gb  iarttio.o [6]
__iar_copy_init3         0x800'25bf   0x2e  Code  Gb  copy_init3.o [5]
__iar_cstart_call_ctors
                         0x800'52f5   0x20  Code  Gb  cmain_call_ctors.o [5]
__iar_dadd               0x800'29d5         Code  Gb  DblSub.o [4]
__iar_data_init3         0x800'51fd   0x28  Code  Gb  data_init.o [5]
__iar_debug_exceptions   0x800'29c2    0x1  Data  Gb  unwind_debug.o [6]
__iar_dlfree             0x800'0fb7  0x51e  Code  Gb  dlmalloc.o [2]
__iar_dlmalloc           0x800'00c9  0xeee  Code  Gb  dlmalloc.o [2]
__iar_dsub               0x800'3109         Code  Gb  DblAdd.o [4]
__iar_dsubStart          0x800'311b         Code  Gb  DblAdd.o [4]
__iar_frexp              0x800'2765         Code  Gb  frexp.o [4]
__iar_frexpl             0x800'2765         Code  Gb  frexp.o [4]
__iar_get_ttio           0x800'1589   0x4c  Code  Gb  iarttio.o [6]
__iar_init_vfp           0x800'52a9         Code  Gb  fpinit_M.o [4]
__iar_ldexp64            0x800'2829         Code  Gb  ldexp.o [4]
__iar_lookup_ttioh       0x800'1607    0x4  Code  Gb  XShttio.o [2]
__iar_program_start      0x800'5475         Code  Gb  cstartup_M.o [5]
__iar_scalbln64          0x800'2829         Code  Gb  ldexp.o [4]
__iar_scalbn64           0x800'2829         Code  Gb  ldexp.o [4]
__iar_sh_stdout          0x800'50f3   0x20  Code  Gb  iarwstd.o [6]
__iar_sh_write           0x800'5113   0x22  Code  Gb  iarwrite.o [6]
__iar_softfp___iar_frexp64
                         0x800'2759         Code  Gb  frexp.o [4]
__iar_softfp_frexp       0x800'2759         Code  Gb  frexp.o [4]
__iar_softfp_frexpl      0x800'2759         Code  Gb  frexp.o [4]
__iar_tls$$INIT_ARRAY$$Base
                         0x800'54ac          --   Gb  - Linker created -
__iar_tls$$INIT_ARRAY$$Limit
                         0x800'54ac          --   Gb  - Linker created -
__iar_ttio_guard_lock    0x800'15d9   0x1e  Code  Gb  XShttio.o [2]
__iar_ttio_guard_unlock
                         0x800'15f7   0x10  Code  Gb  XShttio.o [2]
__iar_ttio_handles      0x2000'0000    0x8  Data  Lc  XShttio.o [2]
__iar_unaligned_memcpy   0x800'26e1         Code  Gb  ABImemcpy_unaligned.o [5]
__iar_unaligned_memcpy4
                         0x800'2701         Code  Gb  ABImemcpy_unaligned.o [5]
__iar_unaligned_memcpy8
                         0x800'2701         Code  Gb  ABImemcpy_unaligned.o [5]
__iar_unaligned_memmove
                         0x800'3b95         Code  Gb  ABImemmove_unaligned.o [5]
__iar_unaligned_memmove4
                         0x800'3b95         Code  Gb  ABImemmove_unaligned.o [5]
__iar_unaligned_memmove8
                         0x800'3b95         Code  Gb  ABImemmove_unaligned.o [5]
__iar_zero_init3         0x800'14e3   0x3a  Code  Gb  zero_init3.o [5]
__low_level_init         0x800'4769   0x6e  Code  Gb  main.o [1]
__sti__routine           0x800'42a7    0xa  Code  Lc  ios.o [3]
__sti__routine           0x800'4c25   0x90  Code  Lc  iostream_cout.o [3]
__vector_table           0x800'0000         Data  Gb  vector_table_M.o [5]
__write                  0x800'50c5   0x10  Code  Gb  write.o [6]
_call_main               0x800'5321         Code  Gb  cmain.o [5]
_exit                    0x800'5339         Code  Gb  cexit.o [5]
_gm_                    0x2000'0008  0x1d8  Data  Lc  dlmalloc.o [2]
_main                    0x800'532f         Code  Gb  cmain.o [5]
abort                    0x800'14dd    0x6  Code  Gb  abort.o [2]
char * && std::forward<char *>(std::remove_reference<char *>::type &)
                         0x800'3e5d    0x2  Code  Gb  main.o [1]
char * std::_Addressof<char>(char &, std::integral_constant<bool, (bool)0>)
                         0x800'3cb3    0x2  Code  Gb  main.o [1]
char * std::_Allocate<char>(unsigned int, char *, bool)
                         0x800'3ed7   0x12  Code  Gb  main.o [1]
char * std::_Maklocstr<char>(char const *, char *)
                         0x800'3e83   0x34  Code  Gb  main.o [1]
char * std::addressof<char>(char &)
                         0x800'39bf    0x8  Code  Gb  main.o [1]
char std::_Maklocchr<char>(char, char *)
                         0x800'3e41    0x4  Code  Gb  main.o [1]
const std::allocator<char>& && std::forward<const std::allocator<char>&>(std::remove_reference<const std::allocator<char>&>::type &)
                         0x800'3db3    0x2  Code  Gb  main.o [1]
exit                     0x800'5333    0x4  Code  Gb  exit.o [2]
free                     0x800'3f09    0x4  Code  Gb  heaptramp0.o [2]
init_mparams             0x800'005b   0x2c  Code  Lc  dlmalloc.o [2]
init_top                 0x800'0087   0x34  Code  Lc  dlmalloc.o [2]
ldexp                    0x800'2829         Code  Gb  ldexp.o [4]
ldexpl                   0x800'2829         Code  Gb  ldexp.o [4]
main                     0x800'47d9   0xac  Code  Gb  main.o [1]
memchr                   0x800'2689         Code  Gb  memchr.o [5]
mparams                 0x2000'0284   0x18  Data  Lc  dlmalloc.o [2]
next_abi_dtor_rec       0x2000'02c8    0x4  Data  Lc  cppinit.o [2]
operator delete (void *)
                         0x800'3e79    0xa  Code  Gb  delop_0.o [3]
operator delete (void *, unsigned int)
                         0x800'440d    0x4  Code  Gb  delop4_0.o [3]
operator delete[] (void *)
                         0x800'53a9    0x4  Code  Gb  delaop_0.o [3]
operator new (unsigned int)
                         0x800'3f0d   0x24  Code  Gb  newop_0.o [3]
operator new (unsigned int, void *)
                         0x800'3f31    0x4  Code  Gb  main.o [1]
putchar                  0x800'50a5   0x20  Code  Gb  putchar.o [2]
scalbln                  0x800'2829         Code  Gb  ldexp.o [4]
scalblnl                 0x800'2829         Code  Gb  ldexp.o [4]
scalbn                   0x800'2829         Code  Gb  ldexp.o [4]
scalbnl                  0x800'2829         Code  Gb  ldexp.o [4]
scale                    0x800'24c3   0x46  Code  Lc  xprintffull_nomb.o [2]
sec_hand                0x2000'02d8    0x4  Data  Lc  xfail_s.o [2]
segment_holding          0x800'0041   0x1a  Code  Lc  dlmalloc.o [2]
sprintf                  0x800'4729   0x40  Code  Gb  sprintf.o [2]
std::_Compressed_pair<std::_Wrap_alloc<std::allocator<char>>, std::_String_val<std::_Simple_types<char>>, (bool)1>::_Compressed_pair<const std::allocator<char>&, >(std::_One_then_variadic_args_t, const std::allocator<char>& &&,  &&...)
                         0x800'3c8d   0x1c  Code  Gb  main.o [1]
std::_Compressed_pair<std::_Wrap_alloc<std::allocator<char>>, std::_String_val<std::_Simple_types<char>>, (bool)1>::_Get_first()
                         0x800'3ca9    0x2  Code  Gb  main.o [1]
std::_Compressed_pair<std::_Wrap_alloc<std::allocator<char>>, std::_String_val<std::_Simple_types<char>>, (bool)1>::_Get_first() const
                         0x800'3e45    0x2  Code  Gb  main.o [1]
std::_Compressed_pair<std::_Wrap_alloc<std::allocator<char>>, std::_String_val<std::_Simple_types<char>>, (bool)1>::_Get_second()
                         0x800'3cc1    0x2  Code  Gb  main.o [1]
std::_Compressed_pair<std::_Wrap_alloc<std::allocator<char>>, std::_String_val<std::_Simple_types<char>>, (bool)1>::_Get_second() const
                         0x800'3d87    0x2  Code  Gb  main.o [1]
std::_Fpz               0x2000'02b0   0x10  Data  Gb  ios.o [3]
std::_NomemoryNothrow()
                         0x800'3f35    0x4  Code  Gb  nomemory.o [3]
std::_String_alloc<std::_String_base_types<char, std::allocator<char>>>::_Bx()
                         0x800'39a7    0x8  Code  Gb  main.o [1]
std::_String_alloc<std::_String_base_types<char, std::allocator<char>>>::_Get_data()
                         0x800'39e1    0x8  Code  Gb  main.o [1]
std::_String_alloc<std::_String_base_types<char, std::allocator<char>>>::_Get_data() const
                         0x800'3c23    0x8  Code  Gb  main.o [1]
std::_String_alloc<std::_String_base_types<char, std::allocator<char>>>::_Getal()
                         0x800'39af    0x8  Code  Gb  main.o [1]
std::_String_alloc<std::_String_base_types<char, std::allocator<char>>>::_Getal() const
                         0x800'3ced    0x8  Code  Gb  main.o [1]
std::_String_alloc<std::_String_base_types<char, std::allocator<char>>>::_Myptr()
                         0x800'381d    0xc  Code  Gb  main.o [1]
std::_String_alloc<std::_String_base_types<char, std::allocator<char>>>::_Myptr() const
                         0x800'3933    0xc  Code  Gb  main.o [1]
std::_String_alloc<std::_String_base_types<char, std::allocator<char>>>::_Myres()
                         0x800'399d    0xa  Code  Gb  main.o [1]
std::_String_alloc<std::_String_base_types<char, std::allocator<char>>>::_Mysize()
                         0x800'384b    0xa  Code  Gb  main.o [1]
std::_String_alloc<std::_String_base_types<char, std::allocator<char>>>::_Mysize() const
                         0x800'393f    0xa  Code  Gb  main.o [1]
std::_String_alloc<std::_String_base_types<char, std::allocator<char>>>::_String_alloc(const std::allocator<char>&)
                         0x800'3985   0x18  Code  Gb  main.o [1]
std::_String_alloc<std::_String_base_types<char, std::allocator<char>>>::_String_alloc(const std::allocator<char>&) [subobject]
                         0x800'3761    0x8  Code  Gb  main.o [1]
std::_String_val<std::_Simple_types<char>>::_Myptr()
                         0x800'39e9   0x12  Code  Gb  main.o [1]
std::_String_val<std::_Simple_types<char>>::_Myptr() const
                         0x800'3c2b   0x12  Code  Gb  main.o [1]
std::_String_val<std::_Simple_types<char>>::_String_val()
                         0x800'3dbd    0xa  Code  Gb  main.o [1]
std::_Wrap_alloc<std::allocator<char>>::_Wrap_alloc(const std::allocator<char>&)
                         0x800'3e77    0x2  Code  Gb  main.o [1]
std::_Wrap_alloc<std::allocator<char>>::_Wrap_alloc(const std::allocator<char>&) [subobject]
                         0x800'3db5    0x8  Code  Gb  main.o [1]
std::_Wrap_alloc<std::allocator<char>>::allocate(unsigned int)
                         0x800'3cfd    0x8  Code  Gb  main.o [1]
std::_Wrap_alloc<std::allocator<char>>::deallocate(char *, unsigned int)
                         0x800'39d9    0x8  Code  Gb  main.o [1]
std::_Wrap_alloc<std::allocator<char>>::max_size(std::_Nil) const
                         0x800'3cf5    0x8  Code  Gb  main.o [1]
std::_Wrap_facet<std::ctype<char>>::_Wrap_facet()
                         0x800'3749   0x18  Code  Gb  main.o [1]
std::_Wrap_facet<std::num_put<char, std::ostreambuf_iterator<char, std::char_traits<char>>>>::_Wrap_facet()
                         0x800'4bf9   0x18  Code  Gb  main.o [1]
std::_Wrap_facet<std::numpunct<char>>::_Wrap_facet()
                         0x800'3829   0x18  Code  Gb  main.o [1]
std::_Wrap_facet<std::numpunct<char>>::~_Wrap_facet()
                         0x800'5445    0xe  Code  Gb  main.o [1]
std::__iar_New_hand     0x2000'02d0    0x4  Data  Gb  new.o [3]
std::__iar_cout_guard::~__iar_cout_guard()
                         0x800'53c1   0x14  Code  Gb  iostream_cout.o [3]
std::__nobasic_filebuf<char, std::char_traits<char>>::__nobasic_filebuf()
                         0x800'4cb5   0x5c  Code  Gb  iostream_cout.o [3]
std::__nobasic_filebuf<char, std::char_traits<char>>::overflow(int)
                         0x800'506d   0x38  Code  Gb  iostream_cout.o [3]
std::allocator<char>::allocate(unsigned int)
                         0x800'3e4f    0xe  Code  Gb  main.o [1]
std::allocator<char>::deallocate(char *, unsigned int)
                         0x800'3cb5    0xc  Code  Gb  main.o [1]
std::allocator<char>::max_size() const
                         0x800'3ed1    0x6  Code  Gb  main.o [1]
std::allocator_traits<std::allocator<char>>::max_size(const std::allocator<char>&)
                         0x800'3e47    0x8  Code  Gb  main.o [1]
std::char_traits<char>::assign(char &, char const &)
                         0x800'3c0d    0x6  Code  Gb  main.o [1]
std::char_traits<char>::assign(char *, unsigned int, char)
                         0x800'3c13   0x10  Code  Gb  main.o [1]
std::char_traits<char>::copy(char *, char const *, unsigned int)
                         0x800'39c7   0x12  Code  Gb  main.o [1]
std::char_traits<char>::eq_int_type(int const &, int const &)
                         0x800'3c6f   0x12  Code  Gb  main.o [1]
std::char_traits<char>::length(char const *)
                         0x800'40eb   0x12  Code  Gb  main.o [1]
std::char_traits<char>::move(char *, char const *, unsigned int)
                         0x800'38cf   0x12  Code  Gb  main.o [1]
std::char_traits<char>::to_int_type(char const &)
                         0x800'3daf    0x4  Code  Gb  main.o [1]
std::cout               0x2000'01e0   0x2c  Data  Gb  iostream_cout.o [3]
std::ctype<char> const & std::use_facet<std::ctype<char>>()
                         0x800'3565   0x20  Code  Gb  main.o [1]
std::ctype<char> const & std::use_facet<std::ctype<char>>()::_MyFacet
                        0x2000'02c4    0x4  Data  Gb  main.o [1]
std::ctype<char>::ctype()
                         0x800'3c81    0xc  Code  Gb  main.o [1]
std::ctype<char>::ctype() [subobject]
                         0x800'397b    0x8  Code  Gb  main.o [1]
std::ctype<char>::widen(char const *, char const *, char *) const
                         0x800'35c1   0x12  Code  Gb  main.o [1]
std::ctype<char>::widen(char) const
                         0x800'3585    0x6  Code  Gb  main.o [1]
std::ios::clear(std::_Iosb<int>::_Iostate, bool)
                         0x800'423d   0x18  Code  Gb  main.o [1]
std::ios::fill() const   0x800'417b    0x6  Code  Gb  main.o [1]
std::ios::rdbuf() const
                         0x800'4181    0x4  Code  Gb  main.o [1]
std::ios::setstate(std::_Iosb<int>::_Iostate, bool)
                         0x800'418f   0x28  Code  Gb  main.o [1]
std::ios::tie() const    0x800'41e1    0x4  Code  Gb  main.o [1]
std::ios::widen(char) const
                         0x800'51c3   0x12  Code  Gb  main.o [1]
std::ios_base::_Addstd(std::ios_base*)
                         0x800'4311   0x36  Code  Gb  ios.o [3]
std::ios_base::_Callfns(std::ios_base::event)
                         0x800'42f5   0x1c  Code  Gb  ios.o [3]
std::ios_base::_Init()   0x800'4355   0x1c  Code  Gb  ios.o [3]
std::ios_base::_Tidy()   0x800'4371   0x38  Code  Gb  ios.o [3]
std::ios_base::clear(std::_Iosb<int>::_Iostate, bool)
                         0x800'42b1   0x20  Code  Gb  ios.o [3]
std::ios_base::flags() const
                         0x800'3539    0x4  Code  Gb  main.o [1]
std::ios_base::good() const
                         0x800'41cd   0x14  Code  Gb  main.o [1]
std::ios_base::precision() const
                         0x800'4631    0x4  Code  Gb  main.o [1]
std::ios_base::rdstate() const
                         0x800'4239    0x4  Code  Gb  main.o [1]
std::ios_base::width() const
                         0x800'36cf    0x4  Code  Gb  main.o [1]
std::ios_base::width(int)
                         0x800'372f    0x8  Code  Gb  main.o [1]
std::ios_base::~ios_base()
                         0x800'42d1   0x24  Code  Gb  ios.o [3]
std::ios_base::~ios_base() [subobject]
                         0x800'42a5    0x2  Code  Gb  ios.o [3]
std::num_put<char, std::ostreambuf_iterator<char, std::char_traits<char>>> const & std::use_facet<std::num_put<char, std::ostreambuf_iterator<char, std::char_traits<char>>>>()
                         0x800'4b6d   0x20  Code  Gb  main.o [1]
std::num_put<char, std::ostreambuf_iterator<char, std::char_traits<char>>> const & std::use_facet<std::num_put<char, std::ostreambuf_iterator<char, std::char_traits<char>>>>()::_MyFacet
                        0x2000'02c0    0x4  Data  Gb  main.o [1]
std::num_put<char, std::ostreambuf_iterator<char, std::char_traits<char>>>::_Ffmt(char *, char, std::_Iosb<int>::_Fmtflags) const
                         0x800'4655   0xd2  Code  Gb  main.o [1]
std::num_put<char, std::ostreambuf_iterator<char, std::char_traits<char>>>::_Fput(std::ostreambuf_iterator<char, std::char_traits<char>>, std::ios_base &, char, char const *, unsigned int, unsigned int, unsigned int, unsigned int) const
                         0x800'3279  0x2c0  Code  Gb  main.o [1]
std::num_put<char, std::ostreambuf_iterator<char, std::char_traits<char>>>::_Fput(std::ostreambuf_iterator<char, std::char_traits<char>>, std::ios_base &, char, char const *, unsigned int, unsigned int, unsigned int, unsigned int) const::string
                         0x800'54b4    0x4  Data  Gb  main.o [1]
std::num_put<char, std::ostreambuf_iterator<char, std::char_traits<char>>>::_Fput(std::ostreambuf_iterator<char, std::char_traits<char>>, std::ios_base &, char, char const *, unsigned int, unsigned int, unsigned int, unsigned int) const::string (instance 2)
                         0x800'54b8    0x4  Data  Gb  main.o [1]
std::num_put<char, std::ostreambuf_iterator<char, std::char_traits<char>>>::_Put(std::ostreambuf_iterator<char, std::char_traits<char>>, char const *, unsigned int) const
                         0x800'3701   0x2e  Code  Gb  main.o [1]
std::num_put<char, std::ostreambuf_iterator<char, std::char_traits<char>>>::_Rep(std::ostreambuf_iterator<char, std::char_traits<char>>, char, unsigned int) const
                         0x800'36d3   0x2e  Code  Gb  main.o [1]
std::num_put<char, std::ostreambuf_iterator<char, std::char_traits<char>>>::do_put(std::ostreambuf_iterator<char, std::char_traits<char>>, std::ios_base &, char, double) const
                         0x800'44a1  0x190  Code  Gb  main.o [1]
std::num_put<char, std::ostreambuf_iterator<char, std::char_traits<char>>>::num_put()
                         0x800'4c19    0xc  Code  Gb  main.o [1]
std::num_put<char, std::ostreambuf_iterator<char, std::char_traits<char>>>::num_put() [subobject]
                         0x800'4c11    0x8  Code  Gb  main.o [1]
std::num_put<char, std::ostreambuf_iterator<char, std::char_traits<char>>>::put(std::ostreambuf_iterator<char, std::char_traits<char>>, std::ios_base &, char, double) const
                         0x800'4bdd   0x18  Code  Gb  main.o [1]
std::numpunct<char> const & std::use_facet<std::numpunct<char>>()
                         0x800'35d5   0x30  Code  Gb  main.o [1]
std::numpunct<char> const & std::use_facet<std::numpunct<char>>()::_MyFacet
                        0x2000'029c   0x14  Data  Gb  main.o [1]
std::numpunct<char>::_Init(bool)
                         0x800'3dd1   0x70  Code  Gb  main.o [1]
std::numpunct<char>::_Init(bool)::string
                         0x800'299e    0x1  Data  Gb  main.o [1]
std::numpunct<char>::_Init(bool)::string (instance 2)
                         0x800'548c    0x8  Data  Gb  main.o [1]
std::numpunct<char>::_Init(bool)::string (instance 3)
                         0x800'5494    0x8  Data  Gb  main.o [1]
std::numpunct<char>::_Tidy()
                         0x800'5391   0x18  Code  Gb  main.o [1]
std::numpunct<char>::decimal_point() const
                         0x800'36af    0xa  Code  Gb  main.o [1]
std::numpunct<char>::do_decimal_point() const
                         0x800'54bd    0x4  Code  Gb  main.o [1]
std::numpunct<char>::do_grouping() const
                         0x800'5481    0xa  Code  Gb  main.o [1]
std::numpunct<char>::do_thousands_sep() const
                         0x800'54c1    0x4  Code  Gb  main.o [1]
std::numpunct<char>::grouping() const
                         0x800'3605    0xa  Code  Gb  main.o [1]
std::numpunct<char>::numpunct()
                         0x800'3cc5   0x28  Code  Gb  main.o [1]
std::numpunct<char>::numpunct() [subobject]
                         0x800'39fb    0x8  Code  Gb  main.o [1]
std::numpunct<char>::thousands_sep() const
                         0x800'360f    0xa  Code  Gb  main.o [1]
std::numpunct<char>::~numpunct()
                         0x800'5379   0x18  Code  Gb  main.o [1]
std::numpunct<char>::~numpunct() [subobject]
                         0x800'5453    0x8  Code  Gb  main.o [1]
std::operator &(std::_Iosb<int>::_Fmtflags, std::_Iosb<int>::_Fmtflags)
                         0x800'353d    0x6  Code  Gb  main.o [1]
std::operator |=(std::_Iosb<int>::_Iostate &, std::_Iosb<int>::_Iostate)
                         0x800'4173    0x8  Code  Gb  main.o [1]
std::ostream & std::endl<char, std::char_traits<char>>(std::ostream &)
                         0x800'5195   0x2e  Code  Gb  main.o [1]
std::ostream & std::operator <<<std::char_traits<char>>(std::ostream &, char const *)
                         0x800'3f39  0x1b2  Code  Gb  main.o [1]
std::ostream::_Flush_sentry::_Flush_sentry(std::ostream&)
                         0x800'425d   0x28  Code  Gb  main.o [1]
std::ostream::_Flush_sentry::_Flush_sentry(std::ostream&) [subobject]
                         0x800'41c5    0x8  Code  Gb  main.o [1]
std::ostream::_Flush_sentry::operator bool() const
                         0x800'416f    0x4  Code  Gb  main.o [1]
std::ostream::_Flush_sentry::~_Flush_sentry()
                         0x800'428f   0x14  Code  Gb  main.o [1]
std::ostream::_Flush_sentry::~_Flush_sentry() [subobject]
                         0x800'4255    0x8  Code  Gb  main.o [1]
std::ostream::_Osfx()    0x800'43b1   0x54  Code  Gb  main.o [1]
std::ostream::_Sentry_base::_Sentry_base(std::ostream&)
                         0x800'4411   0x48  Code  Gb  main.o [1]
std::ostream::_Sentry_base::_Sentry_base(std::ostream&) [subobject]
                         0x800'43a9    0x8  Code  Gb  main.o [1]
std::ostream::_Sentry_base::~_Sentry_base()
                         0x800'4459   0x46  Code  Gb  main.o [1]
std::ostream::_Sentry_base::~_Sentry_base() [subobject]
                         0x800'4405    0x8  Code  Gb  main.o [1]
std::ostream::flush()    0x800'41e5   0x54  Code  Gb  main.o [1]
std::ostream::operator <<(float)
                         0x800'4a5b   0xb0  Code  Gb  main.o [1]
std::ostream::operator <<(std::ostream&(*)(std::ostream&))
                         0x800'4b0b    0x6  Code  Gb  main.o [1]
std::ostream::put(char)
                         0x800'4e1b   0x76  Code  Gb  main.o [1]
std::ostream::sentry::sentry(std::ostream&)
                         0x800'40fd   0x72  Code  Gb  main.o [1]
std::ostream::sentry::~sentry()
                         0x800'41b7    0xe  Code  Gb  main.o [1]
std::ostream::~basic_ostream()
                         0x800'545b    0xe  Code  Gb  iostream_cout.o [3]
std::ostreambuf_iterator<char, std::char_traits<char>>::failed() const
                         0x800'4bf5    0x4  Code  Gb  main.o [1]
std::ostreambuf_iterator<char, std::char_traits<char>>::operator *()
                         0x800'3949    0x2  Code  Gb  main.o [1]
std::ostreambuf_iterator<char, std::char_traits<char>>::operator ++()
                         0x800'3979    0x2  Code  Gb  main.o [1]
std::ostreambuf_iterator<char, std::char_traits<char>>::operator =(char)
                         0x800'394b   0x2e  Code  Gb  main.o [1]
std::ostreambuf_iterator<char, std::char_traits<char>>::ostreambuf_iterator(std::streambuf *)
                         0x800'4b8d    0x8  Code  Gb  main.o [1]
std::remove_reference<char *&>::type && std::move<char *&>(char *& &&)
                         0x800'3d05    0x2  Code  Gb  main.o [1]
std::streambuf::_Lock()
                         0x800'27f7    0x2  Code  Gb  iostream_cout.o [3]
std::streambuf::_Pnavail() const
                         0x800'3d89   0x18  Code  Gb  main.o [1]
std::streambuf::_Pninc()
                         0x800'3da1    0xe  Code  Gb  main.o [1]
std::streambuf::_Unlock()
                         0x800'2827    0x2  Code  Gb  iostream_cout.o [3]
std::streambuf::overflow(int)
                         0x800'2683    0x6  Code  Gb  iostream_cout.o [3]
std::streambuf::pubsync()
                         0x800'4285    0xa  Code  Gb  main.o [1]
std::streambuf::sputc(char)
                         0x800'3c3d   0x32  Code  Gb  main.o [1]
std::streambuf::sputn(char const *, int)
                         0x800'4185    0xa  Code  Gb  main.o [1]
std::streambuf::sync()   0x800'54c5    0x4  Code  Gb  iostream_cout.o [3]
std::streambuf::xsputn(char const *, int)
                         0x800'4e91   0x60  Code  Gb  iostream_cout.o [3]
std::string::_Chassign(unsigned int, unsigned int, char)
                         0x800'38e1   0x2a  Code  Gb  main.o [1]
std::string::_Copy(unsigned int, unsigned int)
                         0x800'3abd   0xd6  Code  Gb  main.o [1]
std::string::_Eos(unsigned int)
                         0x800'390b   0x28  Code  Gb  main.o [1]
std::string::_Grow(unsigned int, bool)
                         0x800'3855   0x7a  Code  Gb  main.o [1]
std::string::_Inside(char const *)
                         0x800'4f43   0x32  Code  Gb  main.o [1]
std::string::_Tidy(bool, unsigned int)
                         0x800'3769   0x7a  Code  Gb  main.o [1]
std::string::assign(char const *)
                         0x800'5291   0x18  Code  Gb  main.o [1]
std::string::assign(char const *, unsigned int)
                         0x800'4ef1   0x52  Code  Gb  main.o [1]
std::string::assign(const std::string&, unsigned int, unsigned int)
                         0x800'4d11   0x7c  Code  Gb  main.o [1]
std::string::assign(unsigned int, char)
                         0x800'37e3   0x3a  Code  Gb  main.o [1]
std::string::basic_string(char const *)
                         0x800'526d   0x24  Code  Gb  main.o [1]
std::string::basic_string(unsigned int, char)
                         0x800'358b   0x2a  Code  Gb  main.o [1]
std::string::erase(unsigned int)
                         0x800'4d8d   0x22  Code  Gb  main.o [1]
std::string::erase(unsigned int, unsigned int)
                         0x800'4daf   0x6c  Code  Gb  main.o [1]
std::string::insert(unsigned int, unsigned int, char)
                         0x800'3619   0x96  Code  Gb  main.o [1]
std::string::max_size() const
                         0x800'3aa5   0x18  Code  Gb  main.o [1]
std::string::operator [](unsigned int)
                         0x800'35b5    0xc  Code  Gb  main.o [1]
std::string::operator [](unsigned int) const
                         0x800'36b9    0xc  Code  Gb  main.o [1]
std::string::size() const
                         0x800'36c5    0xa  Code  Gb  main.o [1]
std::string::~basic_string()
                         0x800'3737   0x12  Code  Gb  main.o [1]
strchr                   0x800'25ed         Code  Gb  strchr.o [5]
strcspn                  0x800'3543   0x22  Code  Gb  strcspn.o [2]
strlen                   0x800'264d         Code  Gb  strlen.o [5]
ttio_guard              0x2000'02df    0x1  Data  Lc  XShttio.o [2]
void RegisterField<ADC1::SQR3, (unsigned int)0, (unsigned int)5, ReadWriteMode>::Set<ReadWriteMode, void>(unsigned int)::string
                         0x800'5348   0x18  Data  Gb  main.o [1]
void RegisterField<ADC1::SQR3, (unsigned int)0, (unsigned int)5, ReadWriteMode>::Set<ReadWriteMode, void>(unsigned int)::string (instance 2)
                         0x800'4ffc   0x38  Data  Gb  main.o [1]
void RegisterField<ADC1::SQR3, (unsigned int)5, (unsigned int)5, ReadWriteMode>::Set<ReadWriteMode, void>(unsigned int)::string
                         0x800'5360   0x18  Data  Gb  main.o [1]
void RegisterField<ADC1::SQR3, (unsigned int)5, (unsigned int)5, ReadWriteMode>::Set<ReadWriteMode, void>(unsigned int)::string (instance 2)
                         0x800'5034   0x38  Data  Gb  main.o [1]
void std::_Deallocate<char>(char *, unsigned int)
                         0x800'3dc9    0x8  Code  Gb  main.o [1]
void std::_Wrap_alloc<std::allocator<char>>::construct<char *, char *>(char * *, char * &&...)
                         0x800'3d07   0x18  Code  Gb  main.o [1]
void std::_Wrap_alloc<std::allocator<char>>::destroy<char *>(char * *)
                         0x800'39b7    0x8  Code  Gb  main.o [1]
void std::allocator<char>::construct<char *, char *>(char * *, char * &&...)
                         0x800'3ee9   0x20  Code  Gb  main.o [1]
void std::allocator<char>::destroy<char *>(char * *)
                         0x800'3dc7    0x2  Code  Gb  main.o [1]
void std::allocator_traits<std::allocator<char>>::construct<char *, char *>(std::allocator<char>&, char * *, char * &&...)
                         0x800'3e5f   0x18  Code  Gb  main.o [1]
void std::allocator_traits<std::allocator<char>>::destroy<char *>(std::allocator<char>&, char * *)
                         0x800'3cab    0x8  Code  Gb  main.o [1]
void std::numpunct<char>::_Getvals<char>(char)
                         0x800'3eb7   0x1a  Code  Gb  main.o [1]


[1] = F:\Lab6\Debug\Obj
[2] = dl7M_tln.a
[3] = dlpp7M_tl_nc.a
[4] = m7M_tls.a
[5] = rt7M_tl.a
[6] = shb_l.a

  20'957 bytes of readonly  code memory
     747 bytes of readonly  data memory
  17'540 bytes of readwrite data memory

Errors: none
Warnings: none
